Component: ARM Compiler 5.06 update 3 (build 300) Tool: armlink [4d35c9]

==============================================================================

Section Cross References

    main.o(i.USH_User_App) refers to _printf_pad.o(.text) for _printf_pre_padding
    main.o(i.USH_User_App) refers to _printf_percent.o(.ARM.Collect$$_printf_percent$$00000000) for _printf_percent
    main.o(i.USH_User_App) refers to _printf_d.o(.ARM.Collect$$_printf_percent$$00000009) for _printf_d
    main.o(i.USH_User_App) refers to _printf_dec.o(.text) for _printf_int_dec
    main.o(i.USH_User_App) refers to rt_memclr_w.o(.text) for __aeabi_memclr4
    main.o(i.USH_User_App) refers to text.o(i.Show_Str) for Show_Str
    main.o(i.USH_User_App) refers to ff.o(i.f_mount) for f_mount
    main.o(i.USH_User_App) refers to exfuns.o(i.exf_getfree) for exf_getfree
    main.o(i.USH_User_App) refers to lcd.o(i.LCD_ShowString) for LCD_ShowString
    main.o(i.USH_User_App) refers to lcd.o(i.LCD_ShowNum) for LCD_ShowNum
    main.o(i.USH_User_App) refers to key.o(i.KEY_Scan) for KEY_Scan
    main.o(i.USH_User_App) refers to ff.o(i.f_open) for f_open
    main.o(i.USH_User_App) refers to ff.o(i.f_lseek) for f_lseek
    main.o(i.USH_User_App) refers to ff.o(i.f_read) for f_read
    main.o(i.USH_User_App) refers to ff.o(i.f_close) for f_close
    main.o(i.USH_User_App) refers to adc.o(i.Get_Adc_Average) for Get_Adc_Average
    main.o(i.USH_User_App) refers to dflt_clz.o(x$fpl$dfltu) for __aeabi_ui2d
    main.o(i.USH_User_App) refers to dmul.o(x$fpl$dmul) for __aeabi_dmul
    main.o(i.USH_User_App) refers to ddiv.o(x$fpl$ddiv) for __aeabi_ddiv
    main.o(i.USH_User_App) refers to daddsub_clz.o(x$fpl$dsub) for __aeabi_dsub
    main.o(i.USH_User_App) refers to dfix.o(x$fpl$dfix) for __aeabi_d2iz
    main.o(i.USH_User_App) refers to stm32f4xx_hal_rtc.o(i.HAL_RTC_GetTime) for HAL_RTC_GetTime
    main.o(i.USH_User_App) refers to stm32f4xx_hal_rtc.o(i.HAL_RTC_GetDate) for HAL_RTC_GetDate
    main.o(i.USH_User_App) refers to noretval__2sprintf.o(.text) for __2sprintf
    main.o(i.USH_User_App) refers to strlen.o(.text) for strlen
    main.o(i.USH_User_App) refers to ff.o(i.f_write) for f_write
    main.o(i.USH_User_App) refers to ff.o(i.f_sync) for f_sync
    main.o(i.USH_User_App) refers to delay.o(i.delay_ms) for delay_ms
    main.o(i.USH_User_App) refers to usb_hcd.o(i.HCD_IsDeviceConnected) for HCD_IsDeviceConnected
    main.o(i.USH_User_App) refers to lcd.o(i.LCD_Fill) for LCD_Fill
    main.o(i.USH_User_App) refers to exfuns.o(.bss) for fs
    main.o(i.USH_User_App) refers to lcd.o(.data) for POINT_COLOR
    main.o(i.USH_User_App) refers to main.o(.data) for state
    main.o(i.USH_User_App) refers to main.o(.bss) for fil
    main.o(i.USH_User_App) refers to rtc.o(.bss) for RTC_Handler
    main.o(i.main) refers to _printf_pad.o(.text) for _printf_pre_padding
    main.o(i.main) refers to _printf_percent.o(.ARM.Collect$$_printf_percent$$00000000) for _printf_percent
    main.o(i.main) refers to _printf_d.o(.ARM.Collect$$_printf_percent$$00000009) for _printf_d
    main.o(i.main) refers to _printf_dec.o(.text) for _printf_int_dec
    main.o(i.main) refers to sys.o(i.Stm32_Clock_Init) for Stm32_Clock_Init
    main.o(i.main) refers to delay.o(i.delay_init) for delay_init
    main.o(i.main) refers to usart.o(i.uart_init) for uart_init
    main.o(i.main) refers to led.o(i.LED_Init) for LED_Init
    main.o(i.main) refers to sdram.o(i.SDRAM_Init) for SDRAM_Init
    main.o(i.main) refers to lcd.o(i.LCD_Init) for LCD_Init
    main.o(i.main) refers to w25qxx.o(i.W25QXX_Init) for W25QXX_Init
    main.o(i.main) refers to pcf8574.o(i.PCF8574_Init) for PCF8574_Init
    main.o(i.main) refers to adc.o(i.MY_ADC_Init) for MY_ADC_Init
    main.o(i.main) refers to motor.o(i.Motor_init) for Motor_init
    main.o(i.main) refers to rtc.o(i.RTC_Init) for RTC_Init
    main.o(i.main) refers to key.o(i.KEY_Init) for KEY_Init
    main.o(i.main) refers to malloc.o(i.my_mem_init) for my_mem_init
    main.o(i.main) refers to exfuns.o(i.exfuns_init) for exfuns_init
    main.o(i.main) refers to ff.o(i.f_mount) for f_mount
    main.o(i.main) refers to lcd.o(i.LCD_ShowString) for LCD_ShowString
    main.o(i.main) refers to delay.o(i.delay_ms) for delay_ms
    main.o(i.main) refers to lcd.o(i.LCD_Fill) for LCD_Fill
    main.o(i.main) refers to fontupd.o(i.font_init) for font_init
    main.o(i.main) refers to text.o(i.Show_Str) for Show_Str
    main.o(i.main) refers to usbh_core.o(i.USBH_Init) for USBH_Init
    main.o(i.main) refers to usbh_core.o(i.USBH_Process) for USBH_Process
    main.o(i.main) refers to stm32f4xx_hal_rtc.o(i.HAL_RTC_GetTime) for HAL_RTC_GetTime
    main.o(i.main) refers to stm32f4xx_hal_rtc.o(i.HAL_RTC_GetDate) for HAL_RTC_GetDate
    main.o(i.main) refers to noretval__2sprintf.o(.text) for __2sprintf
    main.o(i.main) refers to usmart_config.o(.data) for usmart_dev
    main.o(i.main) refers to exfuns.o(.bss) for fs
[...]
    f_open                                   0x08012201   Thumb Code   772  ff.o(i.f_open)
    f_opendir                                0x08012505   Thumb Code   184  ff.o(i.f_opendir)
    f_putc                                   0x080125bd   Thumb Code    34  ff.o(i.f_putc)
    f_puts                                   0x080125df   Thumb Code    44  ff.o(i.f_puts)
    f_read                                   0x0801260b   Thumb Code   552  ff.o(i.f_read)
    f_readdir                                0x08012833   Thumb Code   112  ff.o(i.f_readdir)
    f_rename                                 0x080128a3   Thumb Code   516  ff.o(i.f_rename)
    f_setlabel                               0x08012aa9   Thumb Code   466  ff.o(i.f_setlabel)
    f_sync                                   0x08012c81   Thumb Code   424  ff.o(i.f_sync)
    f_unlink                                 0x08012e29   Thumb Code   252  ff.o(i.f_unlink)
    f_write                                  0x08012f25   Thumb Code   644  ff.o(i.f_write)
    ff_memalloc                              0x080131a9   Thumb Code    14  diskio.o(i.ff_memalloc)
    ff_memfree                               0x080131b7   Thumb Code    14  diskio.o(i.ff_memfree)
    ff_oem2uni                               0x080131c5   Thumb Code   100  ffunicode.o(i.ff_oem2uni)
    ff_uni2oem                               0x0801322d   Thumb Code   112  ffunicode.o(i.ff_uni2oem)
    ff_wtoupper                              0x080132a1   Thumb Code   166  ffunicode.o(i.ff_wtoupper)
    font_init                                0x08013a01   Thumb Code    64  fontupd.o(i.font_init)
    fputc                                    0x08013a45   Thumb Code    22  usart.o(i.fputc)
    get_fattime                              0x08013cbd   Thumb Code    80  diskio.o(i.get_fattime)
    main                                     0x080141f1   Thumb Code   472  main.o(i.main)
    mf_close                                 0x080144d1   Thumb Code    14  fattester.o(i.mf_close)
    mf_closedir                              0x080144e5   Thumb Code    10  fattester.o(i.mf_closedir)
    mf_fmkfs                                 0x080144f5   Thumb Code    26  fattester.o(i.mf_fmkfs)
    mf_getlabel                              0x08014511   Thumb Code    58  fattester.o(i.mf_getlabel)
    mf_gets                                  0x08014595   Thumb Code    38  fattester.o(i.mf_gets)
    mf_lseek                                 0x080145e1   Thumb Code    18  fattester.o(i.mf_lseek)
    mf_mkdir                                 0x080145f9   Thumb Code    12  fattester.o(i.mf_mkdir)
    mf_mount                                 0x08014605   Thumb Code    20  fattester.o(i.mf_mount)
    mf_open                                  0x0801461d   Thumb Code    24  fattester.o(i.mf_open)
    mf_opendir                               0x08014639   Thumb Code    14  fattester.o(i.mf_opendir)
    mf_putc                                  0x0801464d   Thumb Code    18  fattester.o(i.mf_putc)
    mf_puts                                  0x08014665   Thumb Code    18  fattester.o(i.mf_puts)
    mf_read                                  0x0801467d   Thumb Code   216  fattester.o(i.mf_read)
    mf_readdir                               0x080147cd   Thumb Code   178  fattester.o(i.mf_readdir)
    mf_rename                                0x08014991   Thumb Code    16  fattester.o(i.mf_rename)
    mf_scan_files                            0x080149a1   Thumb Code    70  fattester.o(i.mf_scan_files)
    mf_setlabel                              0x08014a01   Thumb Code    34  fattester.o(i.mf_setlabel)
    mf_showfree                              0x08014a5d   Thumb Code    88  fattester.o(i.mf_showfree)
    mf_size                                  0x08014b05   Thumb Code     8  fattester.o(i.mf_size)
    mf_tell                                  0x08014b11   Thumb Code     8  fattester.o(i.mf_tell)
    mf_unlink                                0x08014b1d   Thumb Code    12  fattester.o(i.mf_unlink)
    mf_write                                 0x08014b29   Thumb Code    68  fattester.o(i.mf_write)
    my_mem_free                              0x08014c15   Thumb Code    96  malloc.o(i.my_mem_free)
    my_mem_init                              0x08014c81   Thumb Code    34  malloc.o(i.my_mem_init)
    my_mem_malloc                            0x08014cad   Thumb Code   156  malloc.o(i.my_mem_malloc)
    my_mem_perused                           0x08014d55   Thumb Code    56  malloc.o(i.my_mem_perused)
    myfree                                   0x08014d95   Thumb Code    30  malloc.o(i.myfree)
    mymalloc                                 0x08014db9   Thumb Code    34  malloc.o(i.mymalloc)
    mymemset                                 0x08014de1   Thumb Code    20  malloc.o(i.mymemset)
    read_addr                                0x08015107   Thumb Code     6  usmart.o(i.read_addr)
    uart_init                                0x080154b5   Thumb Code    34  usart.o(i.uart_init)
    usmart_cmd_rec                           0x080154e1   Thumb Code   170  usmart.o(i.usmart_cmd_rec)
    usmart_exe                               0x08015591   Thumb Code   632  usmart.o(i.usmart_exe)
    usmart_get_aparm                         0x08015865   Thumb Code   200  usmart_str.o(i.usmart_get_aparm)
    usmart_get_cmdname                       0x0801592d   Thumb Code    54  usmart_str.o(i.usmart_get_cmdname)
    usmart_get_fname                         0x08015965   Thumb Code   440  usmart_str.o(i.usmart_get_fname)
    usmart_get_fparam                        0x08015b25   Thumb Code   262  usmart_str.o(i.usmart_get_fparam)
    usmart_get_parmpos                       0x08015c31   Thumb Code    26  usmart_str.o(i.usmart_get_parmpos)
    usmart_get_runtime                       0x08015c51   Thumb Code    58  usmart.o(i.usmart_get_runtime)
    usmart_init                              0x08015c95   Thumb Code    36  usmart.o(i.usmart_init)
    usmart_pow                               0x08015cbd   Thumb Code    22  usmart_str.o(i.usmart_pow)
    usmart_reset_runtime                     0x08015cd5   Thumb Code    44  usmart.o(i.usmart_reset_runtime)
    usmart_scan                              0x08015d09   Thumb Code   120  usmart.o(i.usmart_scan)
    usmart_search_nextc                      0x08015dc5   Thumb Code    22  usmart_str.o(i.usmart_search_nextc)
    usmart_str2num                           0x08015ddb   Thumb Code   202  usmart_str.o(i.usmart_str2num)
    usmart_strcmp                            0x08015ea5   Thumb Code    34  usmart_str.o(i.usmart_strcmp)
    usmart_strcopy                           0x08015ec7   Thumb Code    22  usmart_str.o(i.usmart_strcopy)
    usmart_strlen                            0x08015edd   Thumb Code    24  usmart_str.o(i.usmart_strlen)
    usmart_sys_cmd_exe                       0x08015ef5   Thumb Code  1570  usmart.o(i.usmart_sys_cmd_exe)
    write_addr                               0x08016625   Thumb Code     4  usmart.o(i.write_addr)
    __aeabi_dadd                             0x080166c9   Thumb Code     0  daddsub_clz.o(x$fpl$dadd)
    _dadd                                    0x080166c9   Thumb Code   332  daddsub_clz.o(x$fpl$dadd)
    __aeabi_ddiv                             0x08016819   Thumb Code     0  ddiv.o(x$fpl$ddiv)
    _ddiv                                    0x08016819   Thumb Code   552  ddiv.o(x$fpl$ddiv)
    __aeabi_d2iz                             0x08016ac9   Thumb Code     0  dfix.o(x$fpl$dfix)
    _dfix                                    0x08016ac9   Thumb Code    94  dfix.o(x$fpl$dfix)
    __aeabi_d2uiz                            0x08016b29   Thumb Code     0  dfixu.o(x$fpl$dfixu)
    _dfixu                                   0x08016b29   Thumb Code    90  dfixu.o(x$fpl$dfixu)
    __aeabi_ui2d                             0x08016b83   Thumb Code     0  dflt_clz.o(x$fpl$dfltu)
    _dfltu                                   0x08016b83   Thumb Code    38  dflt_clz.o(x$fpl$dfltu)
    __aeabi_dmul                             0x08016ba9   Thumb Code     0  dmul.o(x$fpl$dmul)
    _dmul                                    0x08016ba9   Thumb Code   332  dmul.o(x$fpl$dmul)
    __fpl_dnaninf                            0x08016cfd   Thumb Code   156  dnaninf.o(x$fpl$dnaninf)
    __fpl_dretinf                            0x08016d99   Thumb Code    12  dretinf.o(x$fpl$dretinf)
    __aeabi_dsub                             0x08016da5   Thumb Code     0  daddsub_clz.o(x$fpl$dsub)
    _dsub                                    0x08016da5   Thumb Code   464  daddsub_clz.o(x$fpl$dsub)
    _fp_init                                 0x08016f79   Thumb Code    10  fpinit.o(x$fpl$fpinit)
    __fplib_config_fpu_vfp                   0x08016f81   Thumb Code     0  fpinit.o(x$fpl$fpinit)
    __fplib_config_pureend_doubles           0x08016f81   Thumb Code     0  fpinit.o(x$fpl$fpinit)
    APBAHBPrescTable                         0x08016f82   Data          16  stm32f4xx_hal_rcc.o(.constdata)
    __I$use$fp                               0x08016f82   Number         0  usenofp.o(x$fpl$usenofp)
    asc2_1206                                0x08016f92   Data        1140  lcd.o(.constdata)
    asc2_1608                                0x08017406   Data        1520  lcd.o(.constdata)
    asc2_2412                                0x080179f6   Data        3420  lcd.o(.constdata)
    asc2_3216                                0x08018752   Data       12160  lcd.o(.constdata)
    memtblsize                               0x0801b6d4   Data          12  malloc.o(.constdata)
    memblksize                               0x0801b6e0   Data          12  malloc.o(.constdata)
    memsize                                  0x0801b6ec   Data          12  malloc.o(.constdata)
    Region$$Table$$Base                      0x08046770   Number         0  anon$$obj.o(Region$$Table)
    Region$$Table$$Limit                     0x08046790   Number         0  anon$$obj.o(Region$$Table)
    mem3base                                 0x10000000   Data       61440  malloc.o(.ARM.__AT_0x10000000)
    mem3mapbase                              0x1000f000   Data        3840  malloc.o(.ARM.__AT_0x1000F000)
    air_pressure                             0x20000000   Data           4  main.o(.data)
    state                                    0x20000004   Data           1  main.o(.data)
    SystemCoreClock                          0x20000008   Data           4  system_stm32f4xx.o(.data)
    AHBPrescTable                            0x2000000c   Data          16  system_stm32f4xx.o(.data)
    __stdout                                 0x20000024   Data           4  usart.o(.data)
    USART_RX_STA                             0x20000028   Data           2  usart.o(.data)
    aRxBuffer                                0x2000002a   Data           1  usart.o(.data)
    POINT_COLOR                              0x2000002c   Data           4  lcd.o(.data)
    BACK_COLOR                               0x20000030   Data           4  lcd.o(.data)
    ltdc_framebuf                            0x20000034   Data           8  ltdc.o(.data)
    W25QXX_TYPE                              0x2000003c   Data           2  w25qxx.o(.data)
    mallco_dev                               0x20000044   Data          36  malloc.o(.data)
    sys_cmd_tab                              0x20000068   Data          28  usmart.o(.data)
    usmart_nametab                           0x20000084   Data         288  usmart_config.o(.data)
    usmart_dev                               0x200001a4   Data         244  usmart_config.o(.data)
    USBH_HCD_INT_cb                          0x20000298   Data          20  usbh_core.o(.data)
    USBH_HCD_INT_fops                        0x200002ac   Data           4  usbh_core.o(.data)
    suspend_flag                             0x200002b0   Data           4  usbh_core.o(.data)
    MSC_Setup                                0x200002d4   Data           8  usbh_msc_core.o(.data)
    MSCErrorCount                            0x200002dc   Data           1  usbh_msc_core.o(.data)
    USBH_MSC_cb                              0x200002e0   Data          16  usbh_msc_core.o(.data)
    USR_cb                                   0x200002f8   Data          72  usbh_usr.o(.data)
    file                                     0x20000344   Data           4  exfuns.o(.data)
    ftemp                                    0x20000348   Data           4  exfuns.o(.data)
    br                                       0x2000034c   Data           4  exfuns.o(.data)
    bw                                       0x20000350   Data           4  exfuns.o(.data)
    fatbuf                                   0x20000354   Data           4  exfuns.o(.data)
    USB_Host                                 0x20000358   Data         148  main.o(.bss)
    USB_OTG_Core                             0x200003ec   Data        1456  main.o(.bss)
    fil                                      0x200009a0   Data         600  main.o(.bss)
    USART_RX_BUF                             0x20000bf8   Data         200  usart.o(.bss)
    UART1_Handler                            0x20000cc0   Data          64  usart.o(.bss)
    SRAM_Handler                             0x20000d00   Data          80  lcd.o(.bss)
    lcddev                                   0x20000d50   Data          14  lcd.o(.bss)
    SDRAM_Handler                            0x20000d60   Data          52  sdram.o(.bss)
    LTDC_Handler                             0x20000d94   Data         168  ltdc.o(.bss)
    DMA2D_Handler                            0x20000e3c   Data          64  ltdc.o(.bss)
    lcdltdc                                  0x20000e7c   Data          32  ltdc.o(.bss)
    SDCARD_Handler                           0x20000ea0   Data          96  sdio_sdcard.o(.bss)
    SDCardInfo                               0x20000f00   Data          88  sdio_sdcard.o(.bss)
    SDTxDMAHandler                           0x20000f58   Data          88  sdio_sdcard.o(.bss)
    SDRxDMAHandler                           0x20000fb0   Data          88  sdio_sdcard.o(.bss)
    SDIO_DATA_BUFFER                         0x20001008   Data         512  sdio_sdcard.o(.bss)
    SPI5_Handler                             0x20001208   Data          88  spi.o(.bss)
    W25QXX_BUFFER                            0x20001260   Data        4096  w25qxx.o(.bss)
    NAND_Handler                             0x20002260   Data          56  nand.o(.bss)
    nand_dev                                 0x20002298   Data          92  nand.o(.bss)
    ADC1_Handler                             0x200022f4   Data          68  adc.o(.bss)
    RTC_Handler                              0x20002338   Data          32  rtc.o(.bss)
    mem1base                                 0x20002360   Data       163840  malloc.o(.bss)
    mem1mapbase                              0x2002a360   Data       10240  malloc.o(.bss)
    ftinfo                                   0x2002cb60   Data          41  fontupd.o(.bss)
    TIM4_Handler                             0x2002cb8c   Data          60  usmart.o(.bss)
    USBH_CfgDesc                             0x2002cbc8   Data         512  usbh_stdreq.o(.bss)
    USBH_MSC_CBWData                         0x2002cdc8   Data          32  usbh_msc_bot.o(.bss)
    USBH_MSC_CSWData                         0x2002cde8   Data          16  usbh_msc_bot.o(.bss)
    USBH_MSC_BOTXferParam                    0x2002cdf8   Data          16  usbh_msc_bot.o(.bss)
    MSC_Machine                              0x2002ce08   Data          74  usbh_msc_core.o(.bss)
    USBH_MSC_Param                           0x2002ce54   Data          16  usbh_msc_scsi.o(.bss)
    USBH_DataInBuffer                        0x2002ce64   Data         512  usbh_msc_scsi.o(.bss)
    USBH_DataOutBuffer                       0x2002d064   Data         512  usbh_msc_scsi.o(.bss)
    fs                                       0x2002d278   Data          16  exfuns.o(.bss)
    fileinfo                                 0x2002d288   Data         288  exfuns.o(.bss)
    dir                                      0x2002d3a8   Data          80  exfuns.o(.bss)
    my_buffer                                0x2002d3f8   Data         200  fattester.o(.bss)
    __libspace_start                         0x2002d4c0   Data          96  libspace.o(.bss)
    __temporary_stack_top$libspace           0x2002d520   Data           0  libspace.o(.bss)
    ltdc_lcd_framebuf                        0xc0000000   Data       2048000  ltdc.o(.ARM.__AT_0xC0000000)
    mem2base                                 0xc01f4000   Data       29605888  malloc.o(.ARM.__AT_0xC01F4000)
    mem2mapbase                              0xc1e30000   Data       1850368  malloc.o(.ARM.__AT_0xC1E30000)



==============================================================================

Memory Map of the image

  Image Entry point : 0x080001ad

  Load Region LR_IROM1 (Base: 0x08000000, Size: 0x00046ae8, Max: 0x00100000, ABSOLUTE, COMPRESSED[0x00046948])

    Execution Region ER_IROM1 (Base: 0x08000000, Size: 0x00046790, Max: 0x00100000, ABSOLUTE)

    Base Addr    Size         Type   Attr      Idx    E Section Name        Object

    0x08000000   0x000001ac   Data   RO          582    RESET               startup_stm32f429xx.o
    0x080001ac   0x00000008   Code   RO         8647  * !!!main             c_w.l(__main.o)
    0x080001b4   0x00000034   Code   RO         8865    !!!scatter          c_w.l(__scatter.o)
    0x080001e8   0x0000005a   Code   RO         8863    !!dczerorl2         c_w.l(__dczerorl2.o)
    0x08000242   0x00000002   PAD
    0x08000244   0x0000001c   Code   RO         8867    !!handler_zi        c_w.l(__scatter_zi.o)
    0x08000260   0x00000000   Code   RO         8627    .ARM.Collect$$_printf_percent$$00000000  c_w.l(_printf_percent.o)
    0x08000260   0x0000000a   Code   RO         8695    .ARM.Collect$$_printf_percent$$00000007  c_w.l(_printf_ll.o)
    0x0800026a   0x00000006   Code   RO         8625    .ARM.Collect$$_printf_percent$$00000009  c_w.l(_printf_d.o)
    0x08000270   0x00000006   Code   RO         8626    .ARM.Collect$$_printf_percent$$0000000A  c_w.l(_printf_u.o)
    0x08000276   0x00000006   Code   RO         8624    .ARM.Collect$$_printf_percent$$0000000C  c_w.l(_printf_x.o)
    0x0800027c   0x00000006   Code   RO         8628    .ARM.Collect$$_printf_percent$$0000000E  c_w.l(_printf_lld.o)
    0x08000282   0x00000006   Code   RO         8622    .ARM.Collect$$_printf_percent$$00000013  c_w.l(_printf_c.o)
    0x08000288   0x00000006   Code   RO         8623    .ARM.Collect$$_printf_percent$$00000014  c_w.l(_printf_s.o)
    0x0800028e   0x00000004   Code   RO         8694    .ARM.Collect$$_printf_percent$$00000017  c_w.l(_printf_percent_end.o)
    0x08000292   0x00000002   Code   RO         8737    .ARM.Collect$$libinit$$00000000  c_w.l(libinit.o)
    0x08000294   0x00000004   Code   RO         8749    .ARM.Collect$$libinit$$00000001  c_w.l(libinit2.o)
    0x08000298   0x00000000   Code   RO         8752    .ARM.Collect$$libinit$$00000004  c_w.l(libinit2.o)
    0x08000298   0x00000000   Code   RO         8755    .ARM.Collect$$libinit$$0000000A  c_w.l(libinit2.o)
    0x08000298   0x00000000   Code   RO         8757    .ARM.Collect$$libinit$$0000000C  c_w.l(libinit2.o)
    0x08000298   0x00000000   Code   RO         8759    .ARM.Collect$$libinit$$0000000E  c_w.l(libinit2.o)
    0x08000298   0x00000000   Code   RO         8762    .ARM.Collect$$libinit$$00000011  c_w.l(libinit2.o)
    0x08000298   0x00000000   Code   RO         8764    .ARM.Collect$$libinit$$00000013  c_w.l(libinit2.o)
    0x08000298   0x00000000   Code   RO         8766    .ARM.Collect$$libinit$$00000015  c_w.l(libinit2.o)
    0x08000298   0x00000000   Code   RO         8768    .ARM.Collect$$libinit$$00000017  c_w.l(libinit2.o)
    0x08000298   0x00000000   Code   RO         8770    .ARM.Collect$$libinit$$00000019  c_w.l(libinit2.o)
    0x08000298   0x00000000   Code   RO         8772    .ARM.Collect$$libinit$$0000001B  c_w.l(libinit2.o)
    0x08000298   0x00000000   Code   RO         8774    .ARM.Collect$$libinit$$0000001D  c_w.l(libinit2.o)
    0x08000298   0x00000000   Code   RO         8776    .ARM.Collect$$libinit$$0000001F  c_w.l(libinit2.o)
    0x08000298   0x00000000   Code   RO         8778    .ARM.Collect$$libinit$$00000021  c_w.l(libinit2.o)
    0x08000298   0x00000000   Code   RO         8780    .ARM.Collect$$libinit$$00000023  c_w.l(libinit2.o)
    0x08000298   0x00000000   Code   RO         8782    .ARM.Collect$$libinit$$00000025  c_w.l(libinit2.o)
    0x08000298   0x00000000   Code   RO         8786    .ARM.Collect$$libinit$$0000002C  c_w.l(libinit2.o)
    0x08000298   0x00000000   Code   RO         8788    .ARM.Collect$$libinit$$0000002E  c_w.l(libinit2.o)
    0x08000298   0x00000000   Code   RO         8790    .ARM.Collect$$libinit$$00000030  c_w.l(libinit2.o)
    0x08000298   0x00000000   Code   RO         8792    .ARM.Collect$$libinit$$00000032  c_w.l(libinit2.o)
    0x08000298   0x00000002   Code   RO         8793    .ARM.Collect$$libinit$$00000033  c_w.l(libinit2.o)
    0x0800029a   0x00000002   Code   RO         8819    .ARM.Collect$$libshutdown$$00000000  c_w.l(libshutdown.o)
    0x0800029c   0x00000000   Code   RO         8846    .ARM.Collect$$libshutdown$$00000002  c_w.l(libshutdown2.o)
    0x0800029c   0x00000000   Code   RO         8848    .ARM.Collect$$libshutdown$$00000004  c_w.l(libshutdown2.o)
    0x0800029c   0x00000000   Code   RO         8851    .ARM.Collect$$libshutdown$$00000007  c_w.l(libshutdown2.o)
    0x0800029c   0x00000000   Code   RO         8854    .ARM.Collect$$libshutdown$$0000000A  c_w.l(libshutdown2.o)
    0x0800029c   0x00000000   Code   RO         8856    .ARM.Collect$$libshutdown$$0000000C  c_w.l(libshutdown2.o)
    0x0800029c   0x00000000   Code   RO         8859    .ARM.Collect$$libshutdown$$0000000F  c_w.l(libshutdown2.o)
    0x0800029c   0x00000002   Code   RO         8860    .ARM.Collect$$libshutdown$$00000010  c_w.l(libshutdown2.o)
    0x0800029e   0x00000000   Code   RO         8677    .ARM.Collect$$rtentry$$00000000  c_w.l(__rtentry.o)
    0x0800029e   0x00000000   Code   RO         8702    .ARM.Collect$$rtentry$$00000002  c_w.l(__rtentry2.o)
    0x0800029e   0x00000006   Code   RO         8714    .ARM.Collect$$rtentry$$00000004  c_w.l(__rtentry4.o)
    0x080002a4   0x00000000   Code   RO         8704    .ARM.Collect$$rtentry$$00000009  c_w.l(__rtentry2.o)
    0x080002a4   0x00000004   Code   RO         8705    .ARM.Collect$$rtentry$$0000000A  c_w.l(__rtentry2.o)
    0x080002a8   0x00000000   Code   RO         8707    .ARM.Collect$$rtentry$$0000000C  c_w.l(__rtentry2.o)
    0x080002a8   0x00000008   Code   RO         8708    .ARM.Collect$$rtentry$$0000000D  c_w.l(__rtentry2.o)
    0x080002b0   0x00000002   Code   RO         8741    .ARM.Collect$$rtexit$$00000000  c_w.l(rtexit.o)
    0x080002b2   0x00000000   Code   RO         8795    .ARM.Collect$$rtexit$$00000002  c_w.l(rtexit2.o)
    0x080002b2   0x00000004   Code   RO         8796    .ARM.Collect$$rtexit$$00000003  c_w.l(rtexit2.o)
    0x080002b6   0x00000006   Code   RO         8797    .ARM.Collect$$rtexit$$00000004  c_w.l(rtexit2.o)
    0x080002bc   0x00000010   Code   RO         4953    .emb_text           sys.o
    0x080002cc   0x00000040   Code   RO          583    .text               startup_stm32f429xx.o
    0x0800030c   0x00000002   Code   RO         8559    .text               c_w.l(use_no_semi_2.o)
    0x0800030e   0x000000ee   Code   RO         8561    .text               c_w.l(lludivv7m.o)
    0x080003fc   0x00000018   Code   RO         8567    .text               c_w.l(noretval__2printf.o)
    0x08000414   0x00000028   Code   RO         8569    .text               c_w.l(noretval__2sprintf.o)
    0x0800043c   0x0000004e   Code   RO         8573    .text               c_w.l(_printf_pad.o)
    0x0800048a   0x00000052   Code   RO         8575    .text               c_w.l(_printf_str.o)
    0x080004dc   0x00000078   Code   RO         8577    .text               c_w.l(_printf_dec.o)
    0x08000554   0x0000007c   Code   RO         8579    .text               c_w.l(_printf_longlong_dec.o)
    0x080005d0   0x00000058   Code   RO         8584    .text               c_w.l(_printf_hex_int.o)
    0x08000628   0x00000188   Code   RO         8619    .text               c_w.l(__printf_flags_ss_wp.o)
    0x080007b0   0x0000003e   Code   RO         8631    .text               c_w.l(strlen.o)
    0x080007ee   0x0000008a   Code   RO         8635    .text               c_w.l(rt_memcpy_v6.o)
    0x08000878   0x00000064   Code   RO         8637    .text               c_w.l(rt_memcpy_w.o)
    0x080008dc   0x00000044   Code   RO         8639    .text               c_w.l(rt_memclr.o)
    0x08000920   0x0000004e   Code   RO         8641    .text               c_w.l(rt_memclr_w.o)
    0x0800096e   0x00000006   Code   RO         8645    .text               c_w.l(heapauxi.o)
    0x08000974   0x00000002   Code   RO         8675    .text               c_w.l(use_no_semi.o)
    0x08000976   0x0000008a   Code   RO         8682    .text               c_w.l(lludiv10.o)
    0x08000a00   0x000000b2   Code   RO         8684    .text               c_w.l(_printf_intcommon.o)
    0x08000ab2   0x00000002   PAD
    0x08000ab4   0x00000030   Code   RO         8686    .text               c_w.l(_printf_char_common.o)
    0x08000ae4   0x0000000a   Code   RO         8688    .text               c_w.l(_sputc.o)
    0x08000aee   0x0000002c   Code   RO         8690    .text               c_w.l(_printf_char.o)
    0x08000b1a   0x00000002   PAD
    0x08000b1c   0x00000024   Code   RO         8692    .text               c_w.l(_printf_char_file.o)
    0x08000b40   0x00000008   Code   RO         8720    .text               c_w.l(ferror.o)
    0x08000b48   0x0000004a   Code   RO         8724    .text               c_w.l(sys_stackheap_outer.o)
    0x08000b92   0x00000012   Code   RO         8726    .text               c_w.l(exit.o)
    0x08000ba4   0x00000008   Code   RO         8738    .text               c_w.l(libspace.o)
    0x08000bac   0x00000178   Code   RO         4277    i.ADC_Init          stm32f4xx_hal_adc.o
    0x08000d24   0x00000004   Code   RO          387    i.BusFault_Handler  stm32f4xx_it.o
    0x08000d28   0x00000002   Code   RO          388    i.DebugMon_Handler  stm32f4xx_it.o
    0x08000d2a   0x00000036   Code   RO         2744    i.FMC_NAND_AttributeSpace_Timing_Init  stm32f4xx_ll_fmc.o
    0x08000d60   0x00000036   Code   RO         2745    i.FMC_NAND_CommonSpace_Timing_Init  stm32f4xx_ll_fmc.o
    0x08000d96   0x00000002   PAD
    0x08000d98   0x0000004c   Code   RO         2750    i.FMC_NAND_Init     stm32f4xx_ll_fmc.o
    0x08000de4   0x00000048   Code   RO         2752    i.FMC_NORSRAM_Extended_Timing_Init  stm32f4xx_ll_fmc.o
    0x08000e2c   0x00000080   Code   RO         2753    i.FMC_NORSRAM_Init  stm32f4xx_ll_fmc.o
    0x08000eac   0x0000005e   Code   RO         2754    i.FMC_NORSRAM_Timing_Init  stm32f4xx_ll_fmc.o
    0x08000f0a   0x00000074   Code   RO         2764    i.FMC_SDRAM_Init    stm32f4xx_ll_fmc.o
    0x08000f7e   0x0000000e   Code   RO         2765    i.FMC_SDRAM_ProgramRefreshRate  stm32f4xx_ll_fmc.o
    0x08000f8c   0x00000052   Code   RO         2766    i.FMC_SDRAM_SendCommand  stm32f4xx_ll_fmc.o
    0x08000fde   0x00000098   Code   RO         2768    i.FMC_SDRAM_Timing_Init  stm32f4xx_ll_fmc.o
    0x08001076   0x00000002   PAD
    0x08001078   0x00000034   Code   RO         5713    i.FTL_BadBlockMark  ftl.o
    0x080010ac   0x0000010c   Code   RO         5714    i.FTL_BlockCompare  ftl.o
    0x080011b8   0x0000004c   Code   RO         5715    i.FTL_CheckBadBlock  ftl.o
    0x08001204   0x0000010c   Code   RO         5716    i.FTL_CopyAndWriteToBlock  ftl.o
    0x08001310   0x000000ec   Code   RO         5717    i.FTL_CreateLUT     ftl.o
    0x080013fc   0x00000070   Code   RO         5718    i.FTL_FindSamePlaneUnusedBlock  ftl.o
    0x0800146c   0x00000048   Code   RO         5719    i.FTL_FindUnusedBlock  ftl.o
    0x080014b4   0x000000e4   Code   RO         5720    i.FTL_Format        ftl.o
    0x08001598   0x00000100   Code   RO         5721    i.FTL_Init          ftl.o
    0x08001698   0x00000024   Code   RO         5722    i.FTL_LBNToPBN      ftl.o
    0x080016bc   0x00000150   Code   RO         5723    i.FTL_ReadSectors   ftl.o
    0x0800180c   0x00000028   Code   RO         5725    i.FTL_UsedBlockMark  ftl.o
    0x08001834   0x00000178   Code   RO         5726    i.FTL_WriteSectors  ftl.o
    0x080019ac   0x00000020   Code   RO         6150    i.Get_Adc           adc.o
    0x080019cc   0x00000020   Code   RO         6151    i.Get_Adc_Average   adc.o
    0x080019ec   0x000000f0   Code   RO         6387    i.Get_HzMat         text.o
    0x08001adc   0x0000019c   Code   RO         4279    i.HAL_ADC_ConfigChannel  stm32f4xx_hal_adc.o
    0x08001c78   0x00000008   Code   RO         4286    i.HAL_ADC_GetValue  stm32f4xx_hal_adc.o
    0x08001c80   0x00000050   Code   RO         4288    i.HAL_ADC_Init      stm32f4xx_hal_adc.o
    0x08001cd0   0x0000006c   Code   RO         6152    i.HAL_ADC_MspInit   adc.o
    0x08001d3c   0x00000082   Code   RO         4292    i.HAL_ADC_PollForConversion  stm32f4xx_hal_adc.o
    0x08001dbe   0x00000002   PAD
    0x08001dc0   0x000000c8   Code   RO         4294    i.HAL_ADC_Start     stm32f4xx_hal_adc.o
    0x08001e88   0x0000001a   Code   RO          597    i.HAL_Delay         stm32f4xx_hal.o
    0x08001ea2   0x00000002   PAD
    0x08001ea4   0x0000021c   Code   RO          879    i.HAL_GPIO_Init     stm32f4xx_hal_gpio.o
    0x080020c0   0x00000010   Code   RO          881    i.HAL_GPIO_ReadPin  stm32f4xx_hal_gpio.o
    0x080020d0   0x0000000c   Code   RO          883    i.HAL_GPIO_WritePin  stm32f4xx_hal_gpio.o
    0x080020dc   0x0000000c   Code   RO          605    i.HAL_GetTick       stm32f4xx_hal.o
    0x080020e8   0x00000010   Code   RO          606    i.HAL_IncTick       stm32f4xx_hal.o
    0x080020f8   0x00000024   Code   RO          608    i.HAL_InitTick      stm32f4xx_hal.o
    0x0800211c   0x0000005e   Code   RO         3202    i.HAL_LTDC_ConfigLayer  stm32f4xx_hal_ltdc.o
    0x0800217a   0x00000002   PAD
    0x0800217c   0x00000128   Code   RO         3214    i.HAL_LTDC_Init     stm32f4xx_hal_ltdc.o
    0x080022a4   0x0000015c   Code   RO         5376    i.HAL_LTDC_MspInit  ltdc.o
    0x08002400   0x0000006c   Code   RO         3223    i.HAL_LTDC_SetWindowPosition  stm32f4xx_hal_ltdc.o
    0x0800246c   0x00000074   Code   RO         3224    i.HAL_LTDC_SetWindowSize  stm32f4xx_hal_ltdc.o
    0x080024e0   0x00000066   Code   RO         4151    i.HAL_NAND_Init     stm32f4xx_hal_nand.o
    0x08002546   0x00000002   PAD
    0x08002548   0x000000f0   Code   RO         5823    i.HAL_NAND_MspInit  nand.o
    0x08002638   0x0000001a   Code   RO          751    i.HAL_NVIC_EnableIRQ  stm32f4xx_hal_cortex.o
    0x08002652   0x0000007c   Code   RO          757    i.HAL_NVIC_SetPriority  stm32f4xx_hal_cortex.o
    0x080026ce   0x00000002   PAD
    0x080026d0   0x000000a4   Code   RO         1068    i.HAL_PWREx_EnableOverDrive  stm32f4xx_hal_pwr_ex.o
    0x08002774   0x00000018   Code   RO          949    i.HAL_PWR_EnableBkUpAccess  stm32f4xx_hal_pwr.o
    0x0800278c   0x00000368   Code   RO         1240    i.HAL_RCCEx_PeriphCLKConfig  stm32f4xx_hal_rcc_ex.o
    0x08002af4   0x000002b0   Code   RO         1135    i.HAL_RCC_ClockConfig  stm32f4xx_hal_rcc.o
    0x08002da4   0x00000038   Code   RO         1140    i.HAL_RCC_GetHCLKFreq  stm32f4xx_hal_rcc.o
    0x08002ddc   0x0000002c   Code   RO         1142    i.HAL_RCC_GetPCLK1Freq  stm32f4xx_hal_rcc.o
    0x08002e08   0x0000002c   Code   RO         1143    i.HAL_RCC_GetPCLK2Freq  stm32f4xx_hal_rcc.o
    0x08002e34   0x000000b4   Code   RO         1144    i.HAL_RCC_GetSysClockFreq  stm32f4xx_hal_rcc.o
    0x08002ee8   0x00000408   Code   RO         1147    i.HAL_RCC_OscConfig  stm32f4xx_hal_rcc.o
    0x080032f0   0x00000002   Code   RO         4687    i.HAL_RTCEx_AlarmBEventCallback  stm32f4xx_hal_rtc_ex.o
    0x080032f2   0x00000012   Code   RO         4688    i.HAL_RTCEx_BKUPRead  stm32f4xx_hal_rtc_ex.o
    0x08003304   0x00000012   Code   RO         4689    i.HAL_RTCEx_BKUPWrite  stm32f4xx_hal_rtc_ex.o
    0x08003316   0x00000002   PAD
    0x08003318   0x00000018   Code   RO         6219    i.HAL_RTCEx_WakeUpTimerEventCallback  rtc.o
    0x08003330   0x00000040   Code   RO         4721    i.HAL_RTCEx_WakeUpTimerIRQHandler  stm32f4xx_hal_rtc_ex.o
    0x08003370   0x00000018   Code   RO         6220    i.HAL_RTC_AlarmAEventCallback  rtc.o
    0x08003388   0x0000006c   Code   RO         4550    i.HAL_RTC_AlarmIRQHandler  stm32f4xx_hal_rtc.o
    0x080033f4   0x0000004c   Code   RO         4554    i.HAL_RTC_GetDate   stm32f4xx_hal_rtc.o
    0x08003440   0x00000060   Code   RO         4556    i.HAL_RTC_GetTime   stm32f4xx_hal_rtc.o
    0x080034a0   0x000000b4   Code   RO         4557    i.HAL_RTC_Init      stm32f4xx_hal_rtc.o
    0x08003554   0x0000005c   Code   RO         6221    i.HAL_RTC_MspInit   rtc.o
    0x080035b0   0x00000114   Code   RO         4563    i.HAL_RTC_SetDate   stm32f4xx_hal_rtc.o
    0x080036c4   0x00000134   Code   RO         4564    i.HAL_RTC_SetTime   stm32f4xx_hal_rtc.o
    0x080037f8   0x0000003a   Code   RO         4565    i.HAL_RTC_WaitForSynchro  stm32f4xx_hal_rtc.o
    0x08003832   0x00000040   Code   RO         3050    i.HAL_SDRAM_Init    stm32f4xx_hal_sdram.o
    0x08003872   0x00000002   PAD
    0x08003874   0x00000134   Code   RO         5318    i.HAL_SDRAM_MspInit  sdram.o
    0x080039a8   0x00000028   Code   RO         3053    i.HAL_SDRAM_ProgramRefreshRate  stm32f4xx_hal_sdram.o
    0x080039d0   0x0000003a   Code   RO         3059    i.HAL_SDRAM_SendCommand  stm32f4xx_hal_sdram.o
    0x08003a0a   0x000002ee   Code   RO         3640    i.HAL_SD_Get_CardInfo  stm32f4xx_hal_sd.o
    0x08003cf8   0x0000009c   Code   RO         3643    i.HAL_SD_Init       stm32f4xx_hal_sd.o
    0x08003d94   0x000000c0   Code   RO         5492    i.HAL_SD_MspInit    sdio_sdcard.o
    0x08003e54   0x000001f0   Code   RO         3646    i.HAL_SD_ReadBlocks  stm32f4xx_hal_sd.o
    0x08004044   0x00000036   Code   RO         3649    i.HAL_SD_StopTransfer  stm32f4xx_hal_sd.o
    0x0800407a   0x0000007e   Code   RO         3650    i.HAL_SD_WideBusOperation_Config  stm32f4xx_hal_sd.o
    0x080040f8   0x0000028a   Code   RO         3651    i.HAL_SD_WriteBlocks  stm32f4xx_hal_sd.o
    0x08004382   0x00000088   Code   RO         3906    i.HAL_SPI_Init      stm32f4xx_hal_spi.o
    0x0800440a   0x00000002   PAD
    0x0800440c   0x00000074   Code   RO         5546    i.HAL_SPI_MspInit   spi.o
    0x08004480   0x00000352   Code   RO         3915    i.HAL_SPI_TransmitReceive  stm32f4xx_hal_spi.o
    0x080047d2   0x00000058   Code   RO         2928    i.HAL_SRAM_Init     stm32f4xx_hal_sram.o
    0x0800482a   0x00000002   PAD
    0x0800482c   0x000000a4   Code   RO         5095    i.HAL_SRAM_MspInit  lcd.o
    0x080048d0   0x00000028   Code   RO          760    i.HAL_SYSTICK_CLKSourceConfig  stm32f4xx_hal_cortex.o
    0x080048f8   0x00000034   Code   RO          762    i.HAL_SYSTICK_Config  stm32f4xx_hal_cortex.o
    0x0800492c   0x00000034   Code   RO         1866    i.HAL_TIM_Base_Init  stm32f4xx_hal_tim.o
    0x08004960   0x00000002   Code   RO         1868    i.HAL_TIM_Base_MspInit  stm32f4xx_hal_tim.o
    0x08004962   0x0000001e   Code   RO         1871    i.HAL_TIM_Base_Start_IT  stm32f4xx_hal_tim.o
    0x08004980   0x00000002   Code   RO         1287    i.HAL_UART_ErrorCallback  stm32f4xx_hal_uart.o
    0x08004982   0x00000130   Code   RO         1290    i.HAL_UART_IRQHandler  stm32f4xx_hal_uart.o
    0x08004ab2   0x0000006e   Code   RO         1291    i.HAL_UART_Init     stm32f4xx_hal_uart.o
    0x08004b20   0x000000b4   Code   RO         4981    i.HAL_UART_MspInit  usart.o
    0x08004bd4   0x000000f8   Code   RO         1294    i.HAL_UART_Receive  stm32f4xx_hal_uart.o
    0x08004ccc   0x00000002   Code   RO         1297    i.HAL_UART_RxCpltCallback  stm32f4xx_hal_uart.o
    0x08004cce   0x00000002   Code   RO         1302    i.HAL_UART_TxCpltCallback  stm32f4xx_hal_uart.o
    0x08004cd0   0x0000000a   Code   RO         6868    i.HCD_GetCurrentFrame  usb_hcd.o
    0x08004cda   0x00000014   Code   RO         6869    i.HCD_GetCurrentSpeed  usb_hcd.o
    0x08004cee   0x0000000a   Code   RO         6871    i.HCD_GetURB_State  usb_hcd.o
    0x08004cf8   0x0000000c   Code   RO         6872    i.HCD_GetXferCnt    usb_hcd.o
    0x08004d04   0x00000060   Code   RO         6874    i.HCD_Init          usb_hcd.o
    0x08004d64   0x00000008   Code   RO         6875    i.HCD_IsDeviceConnected  usb_hcd.o
    0x08004d6c   0x00000008   Code   RO         6876    i.HCD_IsPortEnabled  usb_hcd.o
    0x08004d74   0x0000000e   Code   RO         6877    i.HCD_ResetPort     usb_hcd.o
    0x08004d82   0x00000020   Code   RO         6878    i.HCD_SubmitRequest  usb_hcd.o
    0x08004da2   0x00000004   Code   RO          389    i.HardFault_Handler  stm32f4xx_it.o
    0x08004da6   0x00000002   PAD
    0x08004da8   0x00000050   Code   RO         6036    i.IIC_Ack           myiic.o
    0x08004df8   0x0000005c   Code   RO         6037    i.IIC_Init          myiic.o
    0x08004e54   0x00000050   Code   RO         6038    i.IIC_NAck          myiic.o
    0x08004ea4   0x0000006c   Code   RO         6039    i.IIC_Read_Byte     myiic.o
    0x08004f10   0x00000068   Code   RO         6040    i.IIC_Send_Byte     myiic.o
    0x08004f78   0x0000004c   Code   RO         6041    i.IIC_Start         myiic.o
    0x08004fc4   0x0000004c   Code   RO         6042    i.IIC_Stop          myiic.o
    0x08005010   0x00000060   Code   RO         6043    i.IIC_Wait_Ack      myiic.o
    0x08005070   0x000000b4   Code   RO         5064    i.KEY_Init          key.o
    0x08005124   0x000000d0   Code   RO         5065    i.KEY_Scan          key.o
    0x080051f4   0x00000048   Code   RO         5097    i.LCD_Clear         lcd.o
    0x0800523c   0x00000180   Code   RO         5101    i.LCD_Display_Dir   lcd.o
    0x080053bc   0x00000124   Code   RO         5106    i.LCD_Fast_DrawPoint  lcd.o
    0x080054e0   0x00000070   Code   RO         5107    i.LCD_Fill          lcd.o
    0x08005550   0x00002464   Code   RO         5108    i.LCD_Init          lcd.o
    0x080079b4   0x00000016   Code   RO         5109    i.LCD_Pow           lcd.o
    0x080079ca   0x00000002   PAD
    0x080079cc   0x00000014   Code   RO         5110    i.LCD_RD_DATA       lcd.o
    0x080079e0   0x00000060   Code   RO         5113    i.LCD_SSD_BackLightSet  lcd.o
    0x08007a40   0x00000274   Code   RO         5114    i.LCD_Scan_Dir      lcd.o
    0x08007cb4   0x00000138   Code   RO         5115    i.LCD_SetCursor     lcd.o
    0x08007dec   0x0000013c   Code   RO         5117    i.LCD_ShowChar      lcd.o
    0x08007f28   0x00000094   Code   RO         5118    i.LCD_ShowNum       lcd.o
    0x08007fbc   0x00000066   Code   RO         5119    i.LCD_ShowString    lcd.o
    0x08008022   0x00000002   PAD
    0x08008024   0x00000018   Code   RO         5121    i.LCD_WR_DATA       lcd.o
    0x0800803c   0x00000018   Code   RO         5122    i.LCD_WR_REG        lcd.o
    0x08008054   0x00000014   Code   RO         5124    i.LCD_WriteRAM_Prepare  lcd.o
    0x08008068   0x00000010   Code   RO         5125    i.LCD_WriteReg      lcd.o
    0x08008078   0x0000005c   Code   RO         5040    i.LED_Init          led.o
    0x080080d4   0x00000024   Code   RO         5377    i.LTDC_Clear        ltdc.o
    0x080080f8   0x00000026   Code   RO         5378    i.LTDC_Clk_Set      ltdc.o
    0x0800811e   0x00000002   PAD
    0x08008120   0x0000002c   Code   RO         5380    i.LTDC_Display_Dir  ltdc.o
    0x0800814c   0x00000050   Code   RO         5381    i.LTDC_Draw_Point   ltdc.o
    0x0800819c   0x00000164   Code   RO         5382    i.LTDC_Fill         ltdc.o
    0x08008300   0x00000238   Code   RO         5383    i.LTDC_Init         ltdc.o
    0x08008538   0x0000007c   Code   RO         5384    i.LTDC_Layer_Parameter_Config  ltdc.o
    0x080085b4   0x00000030   Code   RO         5386    i.LTDC_Layer_Window_Config  ltdc.o
    0x080085e4   0x000000d0   Code   RO         5387    i.LTDC_PanelID_Read  ltdc.o
    0x080086b4   0x0000000c   Code   RO         5389    i.LTDC_Select_Layer  ltdc.o
    0x080086c0   0x00000212   Code   RO         3225    i.LTDC_SetConfig    stm32f4xx_hal_ltdc.o
    0x080088d2   0x00000002   PAD
    0x080088d4   0x0000005c   Code   RO         6153    i.MY_ADC_Init       adc.o
    0x08008930   0x00000004   Code   RO          390    i.MemManage_Handler  stm32f4xx_it.o
    0x08008934   0x00000060   Code   RO         6195    i.Motor_init        motor.o
    0x08008994   0x00000208   Code   RO         5824    i.NAND_CopyPageWithWrite  nand.o
    0x08008b9c   0x000000c0   Code   RO         5825    i.NAND_CopyPageWithoutWrite  nand.o
    0x08008c5c   0x00000012   Code   RO         5826    i.NAND_Delay        nand.o
    0x08008c6e   0x00000002   PAD
    0x08008c70   0x000000c4   Code   RO         5827    i.NAND_ECC_Correction  nand.o
    0x08008d34   0x0000003a   Code   RO         5828    i.NAND_ECC_Get_OE   nand.o
    0x08008d6e   0x00000002   PAD
    0x08008d70   0x0000005c   Code   RO         5829    i.NAND_EraseBlock   nand.o
    0x08008dcc   0x00000054   Code   RO         5830    i.NAND_EraseChip    nand.o
    0x08008e20   0x000000dc   Code   RO         5831    i.NAND_Init         nand.o
    0x08008efc   0x00000038   Code   RO         5832    i.NAND_ModeSet      nand.o
    0x08008f34   0x00000060   Code   RO         5833    i.NAND_ReadID       nand.o
    0x08008f94   0x0000029c   Code   RO         5834    i.NAND_ReadPage     nand.o
    0x08009230   0x00000090   Code   RO         5835    i.NAND_ReadPageComp  nand.o
    0x080092c0   0x00000040   Code   RO         5836    i.NAND_ReadSpare    nand.o
    0x08009300   0x00000050   Code   RO         5837    i.NAND_ReadStatus   nand.o
    0x08009350   0x0000001c   Code   RO         5838    i.NAND_Reset        nand.o
    0x0800936c   0x00000038   Code   RO         5839    i.NAND_WaitForReady  nand.o
    0x080093a4   0x00000038   Code   RO         5840    i.NAND_WaitRB       nand.o
    0x080093dc   0x00000184   Code   RO         5841    i.NAND_WritePage    nand.o
    0x08009560   0x00000064   Code   RO         5842    i.NAND_WritePageConst  nand.o
    0x080095c4   0x00000040   Code   RO         5843    i.NAND_WriteSpare   nand.o
    0x08009604   0x00000002   Code   RO          391    i.NMI_Handler       stm32f4xx_it.o
    0x08009606   0x00000002   PAD
    0x08009608   0x00000010   Code   RO          764    i.NVIC_GetPriorityGrouping  stm32f4xx_hal_cortex.o
    0x08009618   0x00000028   Code   RO          765    i.NVIC_SetPriority  stm32f4xx_hal_cortex.o
    0x08009640   0x00000010   Code   RO         7613    i.OTG_FS_IRQHandler  usbh_usr.o
    0x08009650   0x0000006c   Code   RO         6102    i.PCF8574_Init      pcf8574.o
    0x080096bc   0x00000022   Code   RO         6104    i.PCF8574_ReadOneByte  pcf8574.o
    0x080096de   0x00000026   Code   RO         6105    i.PCF8574_WriteBit  pcf8574.o
    0x08009704   0x00000028   Code   RO         6106    i.PCF8574_WriteOneByte  pcf8574.o
    0x0800972c   0x00000010   Code   RO         6222    i.RTC_Alarm_IRQHandler  rtc.o
    0x0800973c   0x00000016   Code   RO         4566    i.RTC_Bcd2ToByte    stm32f4xx_hal_rtc.o
    0x08009752   0x0000001a   Code   RO         4567    i.RTC_ByteToBcd2    stm32f4xx_hal_rtc.o
    0x0800976c   0x0000003e   Code   RO         4568    i.RTC_EnterInitMode  stm32f4xx_hal_rtc.o
    0x080097aa   0x00000002   PAD
    0x080097ac   0x00000068   Code   RO         6223    i.RTC_Init          rtc.o
    0x08009814   0x0000002c   Code   RO         6225    i.RTC_Set_Date      rtc.o
    0x08009840   0x00000034   Code   RO         6226    i.RTC_Set_Time      rtc.o
    0x08009874   0x00000010   Code   RO         6228    i.RTC_WKUP_IRQHandler  rtc.o
    0x08009884   0x0000002c   Code   RO         3534    i.SDIO_DataConfig   stm32f4xx_ll_sdmmc.o
    0x080098b0   0x00000008   Code   RO         3535    i.SDIO_GetCommandResponse  stm32f4xx_ll_sdmmc.o
    0x080098b8   0x0000000a   Code   RO         3538    i.SDIO_GetPowerState  stm32f4xx_ll_sdmmc.o
    0x080098c2   0x00000002   PAD
    0x080098c4   0x00000018   Code   RO         3539    i.SDIO_GetResponse  stm32f4xx_ll_sdmmc.o
    0x080098dc   0x00000034   Code   RO         3540    i.SDIO_Init         stm32f4xx_ll_sdmmc.o
    0x08009910   0x0000000a   Code   RO         3542    i.SDIO_PowerState_ON  stm32f4xx_ll_sdmmc.o
    0x0800991a   0x00000008   Code   RO         3543    i.SDIO_ReadFIFO     stm32f4xx_ll_sdmmc.o
    0x08009922   0x00000028   Code   RO         3544    i.SDIO_SendCommand  stm32f4xx_ll_sdmmc.o
    0x0800994a   0x0000000c   Code   RO         3546    i.SDIO_WriteFIFO    stm32f4xx_ll_sdmmc.o
    0x08009956   0x00000002   PAD
    0x08009958   0x00000068   Code   RO         5319    i.SDRAM_Init        sdram.o
    0x080099c0   0x00000054   Code   RO         5320    i.SDRAM_Initialization_Sequence  sdram.o
    0x08009a14   0x00000048   Code   RO         5321    i.SDRAM_Send_Cmd    sdram.o
    0x08009a5c   0x00000036   Code   RO         3655    i.SD_CmdError       stm32f4xx_hal_sd.o
    0x08009a92   0x00000002   PAD
    0x08009a94   0x00000180   Code   RO         3656    i.SD_CmdResp1Error  stm32f4xx_hal_sd.o
    0x08009c14   0x00000046   Code   RO         3657    i.SD_CmdResp2Error  stm32f4xx_hal_sd.o
    0x08009c5a   0x00000032   Code   RO         3658    i.SD_CmdResp3Error  stm32f4xx_hal_sd.o
    0x08009c8c   0x000000ac   Code   RO         3659    i.SD_CmdResp6Error  stm32f4xx_hal_sd.o
    0x08009d38   0x00000066   Code   RO         3660    i.SD_CmdResp7Error  stm32f4xx_hal_sd.o
    0x08009d9e   0x00000172   Code   RO         3665    i.SD_FindSCR        stm32f4xx_hal_sd.o
    0x08009f10   0x0000004c   Code   RO         5494    i.SD_Init           sdio_sdcard.o
    0x08009f5c   0x000000fa   Code   RO         3667    i.SD_Initialize_Cards  stm32f4xx_hal_sd.o
    0x0800a056   0x00000002   PAD
    0x0800a058   0x000001d4   Code   RO         3668    i.SD_IsCardProgramming  stm32f4xx_hal_sd.o
    0x0800a22c   0x00000164   Code   RO         3670    i.SD_PowerON        stm32f4xx_hal_sd.o
    0x0800a390   0x00000090   Code   RO         5495    i.SD_ReadDisk       sdio_sdcard.o
    0x0800a420   0x00000038   Code   RO         3671    i.SD_Select_Deselect  stm32f4xx_hal_sd.o
    0x0800a458   0x00000096   Code   RO         3673    i.SD_WideBus_Disable  stm32f4xx_hal_sd.o
    0x0800a4ee   0x00000096   Code   RO         3674    i.SD_WideBus_Enable  stm32f4xx_hal_sd.o
    0x0800a584   0x00000090   Code   RO         5496    i.SD_WriteDisk      sdio_sdcard.o
    0x0800a614   0x00000058   Code   RO         5547    i.SPI5_Init         spi.o
    0x0800a66c   0x00000020   Code   RO         5548    i.SPI5_ReadWriteByte  spi.o
    0x0800a68c   0x00000048   Code   RO         5549    i.SPI5_SetSpeed     spi.o
    0x0800a6d4   0x00000114   Code   RO         3937    i.SPI_WaitOnFlagUntilTimeout  stm32f4xx_hal_spi.o
    0x0800a7e8   0x000000cc   Code   RO         6388    i.Show_Font         text.o
    0x0800a8b4   0x000000c2   Code   RO         6389    i.Show_Str          text.o
    0x0800a976   0x00000002   PAD
    0x0800a978   0x000000b8   Code   RO         4954    i.Stm32_Clock_Init  sys.o
    0x0800aa30   0x00000008   Code   RO          392    i.SysTick_Handler   stm32f4xx_it.o
    0x0800aa38   0x00000064   Code   RO          454    i.SystemInit        system_stm32f4xx.o
    0x0800aa9c   0x00000044   Code   RO         6480    i.TIM4_IRQHandler   usmart.o
    0x0800aae0   0x000000e4   Code   RO         1950    i.TIM_Base_SetConfig  stm32f4xx_hal_tim.o
    0x0800abc4   0x00000060   Code   RO         6481    i.Timer4_Init       usmart.o
    0x0800ac24   0x00000030   Code   RO         1309    i.UART_EndTransmit_IT  stm32f4xx_hal_uart.o
    0x0800ac54   0x000000bc   Code   RO         1310    i.UART_Receive_IT   stm32f4xx_hal_uart.o
    0x0800ad10   0x00000224   Code   RO         1311    i.UART_SetConfig    stm32f4xx_hal_uart.o
    0x0800af34   0x00000070   Code   RO         1312    i.UART_Transmit_IT  stm32f4xx_hal_uart.o
    0x0800afa4   0x000000fa   Code   RO         1313    i.UART_WaitOnFlagUntilTimeout  stm32f4xx_hal_uart.o
    0x0800b09e   0x00000002   PAD
    0x0800b0a0   0x000000a0   Code   RO         4982    i.USART1_IRQHandler  usart.o
    0x0800b140   0x00000026   Code   RO         7131    i.USBH_Alloc_Channel  usbh_hcs.o
    0x0800b166   0x00000060   Code   RO         7184    i.USBH_BulkReceiveData  usbh_ioreq.o
    0x0800b1c6   0x0000005e   Code   RO         7185    i.USBH_BulkSendData  usbh_ioreq.o
    0x0800b224   0x0000004c   Code   RO         7268    i.USBH_ClrFeature   usbh_stdreq.o
    0x0800b270   0x0000000c   Code   RO         7030    i.USBH_Connected    usbh_core.o
    0x0800b27c   0x00000046   Code   RO         7186    i.USBH_CtlReceiveData  usbh_ioreq.o
    0x0800b2c2   0x00000064   Code   RO         7187    i.USBH_CtlReq       usbh_ioreq.o
    0x0800b326   0x0000006e   Code   RO         7188    i.USBH_CtlSendData  usbh_ioreq.o
    0x0800b394   0x00000042   Code   RO         7189    i.USBH_CtlSendSetup  usbh_ioreq.o
    0x0800b3d6   0x0000001c   Code   RO         7132    i.USBH_DeAllocate_AllChannel  usbh_hcs.o
    0x0800b3f2   0x0000003a   Code   RO         7031    i.USBH_DeInit       usbh_core.o
    0x0800b42c   0x00000028   Code   RO         7032    i.USBH_Disconnected  usbh_core.o
    0x0800b454   0x0000002e   Code   RO         7033    i.USBH_ErrorHandle  usbh_core.o
    0x0800b482   0x0000001e   Code   RO         7133    i.USBH_Free_Channel  usbh_hcs.o
    0x0800b4a0   0x00000044   Code   RO         7269    i.USBH_GetDescriptor  usbh_stdreq.o
    0x0800b4e4   0x00000028   Code   RO         7134    i.USBH_GetFreeChannel  usbh_hcs.o
    0x0800b50c   0x00000012   Code   RO         7270    i.USBH_GetNextDesc  usbh_stdreq.o
    0x0800b51e   0x00000002   PAD
    0x0800b520   0x0000006c   Code   RO         7271    i.USBH_Get_CfgDesc  usbh_stdreq.o
    0x0800b58c   0x00000038   Code   RO         7272    i.USBH_Get_DevDesc  usbh_stdreq.o
    0x0800b5c4   0x0000003c   Code   RO         7273    i.USBH_Get_StringDesc  usbh_stdreq.o
    0x0800b600   0x0000022c   Code   RO         7034    i.USBH_HandleControl  usbh_core.o
    0x0800b82c   0x000001e0   Code   RO         7035    i.USBH_HandleEnum   usbh_core.o
    0x0800ba0c   0x00000046   Code   RO         7036    i.USBH_Init         usbh_core.o
    0x0800ba52   0x00000002   PAD
    0x0800ba54   0x00000060   Code   RO         7384    i.USBH_MSC_BOT_Abort  usbh_msc_bot.o
    0x0800bab4   0x00000014   Code   RO         7433    i.USBH_MSC_ClassRequest  usbh_msc_core.o
    0x0800bac8   0x00000080   Code   RO         7385    i.USBH_MSC_DecodeCSW  usbh_msc_bot.o
    0x0800bb48   0x00000044   Code   RO         7434    i.USBH_MSC_ErrorHandle  usbh_msc_core.o
    0x0800bb8c   0x0000002c   Code   RO         7435    i.USBH_MSC_GETMaxLUN  usbh_msc_core.o
    0x0800bbb8   0x00000184   Code   RO         7436    i.USBH_MSC_Handle   usbh_msc_core.o
    0x0800bd3c   0x00000408   Code   RO         7386    i.USBH_MSC_HandleBOTXfer  usbh_msc_bot.o
    0x0800c144   0x00000044   Code   RO         7387    i.USBH_MSC_Init     usbh_msc_bot.o
    0x0800c188   0x0000004c   Code   RO         7437    i.USBH_MSC_InterfaceDeInit  usbh_msc_core.o
    0x0800c1d4   0x0000027c   Code   RO         7438    i.USBH_MSC_InterfaceInit  usbh_msc_core.o
    0x0800c450   0x000000d0   Code   RO         7489    i.USBH_MSC_ModeSense6  usbh_msc_scsi.o
    0x0800c520   0x00000100   Code   RO         7490    i.USBH_MSC_Read10   usbh_msc_scsi.o
    0x0800c620   0x000000dc   Code   RO         7491    i.USBH_MSC_ReadCapacity10  usbh_msc_scsi.o
    0x0800c6fc   0x000000e0   Code   RO         7492    i.USBH_MSC_RequestSense  usbh_msc_scsi.o
    0x0800c7dc   0x000000b0   Code   RO         7493    i.USBH_MSC_TestUnitReady  usbh_msc_scsi.o
    0x0800c88c   0x000000e4   Code   RO         7494    i.USBH_MSC_Write10  usbh_msc_scsi.o
    0x0800c970   0x00000064   Code   RO         7135    i.USBH_Modify_Channel  usbh_hcs.o
    0x0800c9d4   0x000000a8   Code   RO         6952    i.USBH_OTG_ISR_Handler  usb_hcd_int.o
    0x0800ca7c   0x0000009a   Code   RO         7136    i.USBH_Open_Channel  usbh_hcs.o
    0x0800cb16   0x00000002   PAD
    0x0800cb18   0x00000134   Code   RO         7274    i.USBH_ParseCfgDesc  usbh_stdreq.o
    0x0800cc4c   0x00000058   Code   RO         7275    i.USBH_ParseDevDesc  usbh_stdreq.o
    0x0800cca4   0x00000020   Code   RO         7276    i.USBH_ParseEPDesc  usbh_stdreq.o
    0x0800ccc4   0x00000026   Code   RO         7277    i.USBH_ParseInterfaceDesc  usbh_stdreq.o
    0x0800ccea   0x00000036   Code   RO         7278    i.USBH_ParseStringDesc  usbh_stdreq.o
    0x0800cd20   0x0000000c   Code   RO         7037    i.USBH_PortDisabled  usbh_core.o
    0x0800cd2c   0x0000000c   Code   RO         7038    i.USBH_PortEnabled  usbh_core.o
    0x0800cd38   0x000001d4   Code   RO         7039    i.USBH_Process      usbh_core.o
    0x0800cf0c   0x00000006   Code   RO         7040    i.USBH_SOF          usbh_core.o
    0x0800cf12   0x00000026   Code   RO         7279    i.USBH_SetAddress   usbh_stdreq.o
    0x0800cf38   0x00000026   Code   RO         7280    i.USBH_SetCfg       usbh_stdreq.o
    0x0800cf5e   0x00000018   Code   RO         7194    i.USBH_SubmitSetupRequest  usbh_ioreq.o
    0x0800cf76   0x00000002   PAD
    0x0800cf78   0x00000060   Code   RO         7614    i.USBH_UDISK_Read   usbh_usr.o
    0x0800cfd8   0x00000010   Code   RO         7615    i.USBH_UDISK_Status  usbh_usr.o
    0x0800cfe8   0x00000060   Code   RO         7616    i.USBH_UDISK_Write  usbh_usr.o
    0x0800d048   0x0000004c   Code   RO         7617    i.USBH_USR_Configuration_DescAvailable  usbh_usr.o
    0x0800d094   0x0000000c   Code   RO         7618    i.USBH_USR_DeInit   usbh_usr.o
    0x0800d0a0   0x00000020   Code   RO         7619    i.USBH_USR_DeviceAddressAssigned  usbh_usr.o
    0x0800d0c0   0x0000002c   Code   RO         7620    i.USBH_USR_DeviceAttached  usbh_usr.o
    0x0800d0ec   0x00000024   Code   RO         7621    i.USBH_USR_DeviceDisconnected  usbh_usr.o
    0x0800d110   0x00000024   Code   RO         7622    i.USBH_USR_DeviceNotSupported  usbh_usr.o
    0x0800d134   0x00000078   Code   RO         7623    i.USBH_USR_DeviceSpeedDetected  usbh_usr.o
    0x0800d1ac   0x00000038   Code   RO         7624    i.USBH_USR_Device_DescAvailable  usbh_usr.o
    0x0800d1e4   0x00000020   Code   RO         7625    i.USBH_USR_EnumerationDone  usbh_usr.o
    0x0800d204   0x00000070   Code   RO         7626    i.USBH_USR_Init     usbh_usr.o
    0x0800d274   0x00000054   Code   RO         7627    i.USBH_USR_MSC_Application  usbh_usr.o
    0x0800d2c8   0x00000024   Code   RO         7628    i.USBH_USR_Manufacturer_String  usbh_usr.o
    0x0800d2ec   0x00000020   Code   RO         7629    i.USBH_USR_OverCurrentDetected  usbh_usr.o
    0x0800d30c   0x00000020   Code   RO         7630    i.USBH_USR_Product_String  usbh_usr.o
    0x0800d32c   0x0000001c   Code   RO         7631    i.USBH_USR_ResetDevice  usbh_usr.o
    0x0800d348   0x00000024   Code   RO         7632    i.USBH_USR_SerialNum_String  usbh_usr.o
    0x0800d36c   0x00000024   Code   RO         7633    i.USBH_USR_UnrecoveredError  usbh_usr.o
    0x0800d390   0x00000020   Code   RO         7634    i.USBH_USR_UserInput  usbh_usr.o
    0x0800d3b0   0x00000002   Code   RO         7550    i.USB_OTG_BSP_ConfigVBUS  usb_bsp.o
    0x0800d3b2   0x00000002   Code   RO         7552    i.USB_OTG_BSP_DriveVBUS  usb_bsp.o
    0x0800d3b4   0x00000016   Code   RO         7553    i.USB_OTG_BSP_EnableInterrupt  usb_bsp.o
    0x0800d3ca   0x00000002   PAD
    0x0800d3cc   0x0000008c   Code   RO         7554    i.USB_OTG_BSP_Init  usb_bsp.o
    0x0800d458   0x0000000c   Code   RO         7555    i.USB_OTG_BSP_mDelay  usb_bsp.o
    0x0800d464   0x0000000c   Code   RO         7556    i.USB_OTG_BSP_uDelay  usb_bsp.o
    0x0800d470   0x00000126   Code   RO         6678    i.USB_OTG_CoreInit  usb_core.o
    0x0800d596   0x000000d6   Code   RO         6679    i.USB_OTG_CoreInitHost  usb_core.o
    0x0800d66c   0x00000070   Code   RO         6680    i.USB_OTG_CoreReset  usb_core.o
    0x0800d6dc   0x00000022   Code   RO         6681    i.USB_OTG_DisableGlobalInt  usb_core.o
    0x0800d6fe   0x0000005c   Code   RO         6682    i.USB_OTG_DriveVbus  usb_core.o
    0x0800d75a   0x00000034   Code   RO         6683    i.USB_OTG_EnableCommonInt  usb_core.o
    0x0800d78e   0x00000022   Code   RO         6684    i.USB_OTG_EnableGlobalInt  usb_core.o
    0x0800d7b0   0x00000084   Code   RO         6685    i.USB_OTG_EnableHostInt  usb_core.o
    0x0800d834   0x0000004c   Code   RO         6686    i.USB_OTG_FlushRxFifo  usb_core.o
    0x0800d880   0x00000054   Code   RO         6687    i.USB_OTG_FlushTxFifo  usb_core.o
    0x0800d8d4   0x0000000c   Code   RO         6688    i.USB_OTG_GetMode   usb_core.o
    0x0800d8e0   0x0000005a   Code   RO         6689    i.USB_OTG_HC_DoPing  usb_core.o
    0x0800d93a   0x0000009a   Code   RO         6690    i.USB_OTG_HC_Halt   usb_core.o
    0x0800d9d4   0x00000238   Code   RO         6691    i.USB_OTG_HC_Init   usb_core.o
    0x0800dc0c   0x000001f6   Code   RO         6692    i.USB_OTG_HC_StartXfer  usb_core.o
    0x0800de02   0x00000018   Code   RO         6693    i.USB_OTG_InitFSLSPClkSel  usb_core.o
    0x0800de1a   0x00000010   Code   RO         6695    i.USB_OTG_IsEvenFrame  usb_core.o
    0x0800de2a   0x00000014   Code   RO         6696    i.USB_OTG_IsHostMode  usb_core.o
    0x0800de3e   0x00000010   Code   RO         6697    i.USB_OTG_ReadCoreItr  usb_core.o
    0x0800de4e   0x00000030   Code   RO         6698    i.USB_OTG_ReadHPRT0  usb_core.o
    0x0800de7e   0x00000008   Code   RO         6699    i.USB_OTG_ReadHostAllChannels_intr  usb_core.o
    0x0800de86   0x00000028   Code   RO         6701    i.USB_OTG_ReadPacket  usb_core.o
    0x0800deae   0x00000040   Code   RO         6702    i.USB_OTG_ResetPort  usb_core.o
    0x0800deee   0x00000002   PAD
    0x0800def0   0x000000d0   Code   RO         6703    i.USB_OTG_SelectCore  usb_core.o
    0x0800dfc0   0x0000004e   Code   RO         6704    i.USB_OTG_SetCurrentMode  usb_core.o
    0x0800e00e   0x00000002   PAD
    0x0800e010   0x0000002c   Code   RO         6953    i.USB_OTG_USBH_handle_Disconnect_ISR  usb_hcd_int.o
    0x0800e03c   0x00000046   Code   RO         6954    i.USB_OTG_USBH_handle_IncompletePeriodicXfer_ISR  usb_hcd_int.o
    0x0800e082   0x00000056   Code   RO         6955    i.USB_OTG_USBH_handle_hc_ISR  usb_hcd_int.o
    0x0800e0d8   0x0000041e   Code   RO         6956    i.USB_OTG_USBH_handle_hc_n_In_ISR  usb_hcd_int.o
    0x0800e4f6   0x000003b8   Code   RO         6957    i.USB_OTG_USBH_handle_hc_n_Out_ISR  usb_hcd_int.o
    0x0800e8ae   0x0000012e   Code   RO         6958    i.USB_OTG_USBH_handle_nptxfempty_ISR  usb_hcd_int.o
    0x0800e9dc   0x0000013c   Code   RO         6959    i.USB_OTG_USBH_handle_port_ISR  usb_hcd_int.o
    0x0800eb18   0x0000012e   Code   RO         6960    i.USB_OTG_USBH_handle_ptxfempty_ISR  usb_hcd_int.o
    0x0800ec46   0x00000164   Code   RO         6961    i.USB_OTG_USBH_handle_rx_qlvl_ISR  usb_hcd_int.o
    0x0800edaa   0x00000002   PAD
    0x0800edac   0x0000002c   Code   RO         6962    i.USB_OTG_USBH_handle_sof_ISR  usb_hcd_int.o
    0x0800edd8   0x00000040   Code   RO         6706    i.USB_OTG_WritePacket  usb_core.o
    0x0800ee18   0x000004bc   Code   RO            4    i.USH_User_App      main.o
    0x0800f2d4   0x00000004   Code   RO          393    i.UsageFault_Handler  stm32f4xx_it.o
    0x0800f2d8   0x0000002c   Code   RO         5594    i.W25QXX_Erase_Chip  w25qxx.o
    0x0800f304   0x00000058   Code   RO         5595    i.W25QXX_Erase_Sector  w25qxx.o
    0x0800f35c   0x00000098   Code   RO         5596    i.W25QXX_Init       w25qxx.o
    0x0800f3f4   0x00000064   Code   RO         5598    i.W25QXX_Read       w25qxx.o
    0x0800f458   0x00000048   Code   RO         5599    i.W25QXX_ReadID     w25qxx.o
    0x0800f4a0   0x00000050   Code   RO         5600    i.W25QXX_ReadSR     w25qxx.o
    0x0800f4f0   0x00000014   Code   RO         5602    i.W25QXX_Wait_Busy  w25qxx.o
    0x0800f504   0x000000b8   Code   RO         5603    i.W25QXX_Write      w25qxx.o
    0x0800f5bc   0x00000020   Code   RO         5605    i.W25QXX_Write_Enable  w25qxx.o
    0x0800f5dc   0x00000046   Code   RO         5606    i.W25QXX_Write_NoCheck  w25qxx.o
    0x0800f622   0x00000002   PAD
    0x0800f624   0x0000006c   Code   RO         5607    i.W25QXX_Write_Page  w25qxx.o
    0x0800f690   0x0000000e   Code   RO         8612    i._is_digit         c_w.l(__printf_wp.o)
    0x0800f69e   0x00000004   Code   RO         4983    i._sys_exit         usart.o
    0x0800f6a2   0x0000008a   Code   RO         7840    i.change_bitmap     ff.o
    0x0800f72c   0x0000009c   Code   RO         7841    i.check_fs          ff.o
    0x0800f7c8   0x00000014   Code   RO         7842    i.chk_chr           ff.o
    0x0800f7dc   0x00000062   Code   RO         7843    i.clmt_clust        ff.o
    0x0800f83e   0x0000001a   Code   RO         7844    i.clst2sect         ff.o
    0x0800f858   0x00000098   Code   RO         7845    i.cmp_lfn           ff.o
    0x0800f8f0   0x000001cc   Code   RO         7846    i.create_chain      ff.o
    0x0800fabc   0x00000254   Code   RO         7847    i.create_name       ff.o
    0x0800fd10   0x00000092   Code   RO         7848    i.create_xdir       ff.o
    0x0800fda2   0x00000002   PAD
    0x0800fda4   0x00000034   Code   RO         7849    i.dbc_1st           ff.o
    0x0800fdd8   0x00000048   Code   RO         7850    i.dbc_2nd           ff.o
    0x0800fe20   0x00000014   Code   RO         4915    i.delay_init        delay.o
    0x0800fe34   0x00000018   Code   RO         4916    i.delay_ms          delay.o
    0x0800fe4c   0x00000048   Code   RO         4917    i.delay_us          delay.o
    0x0800fe94   0x0000007c   Code   RO         7851    i.dir_alloc         ff.o
    0x0800ff10   0x000000c6   Code   RO         7852    i.dir_clear         ff.o
    0x0800ffd6   0x000001a8   Code   RO         7853    i.dir_find          ff.o
    0x0801017e   0x000000e0   Code   RO         7854    i.dir_next          ff.o
    0x0801025e   0x00000102   Code   RO         7855    i.dir_read          ff.o
    0x08010360   0x00000224   Code   RO         7856    i.dir_register      ff.o
    0x08010584   0x00000072   Code   RO         7857    i.dir_remove        ff.o
    0x080105f6   0x000000aa   Code   RO         7858    i.dir_sdi           ff.o
    0x080106a0   0x0000004c   Code   RO         7774    i.disk_initialize   diskio.o
    0x080106ec   0x00000160   Code   RO         7775    i.disk_ioctl        diskio.o
    0x0801084c   0x000000a2   Code   RO         7776    i.disk_read         diskio.o
    0x080108ee   0x00000006   Code   RO         7777    i.disk_status       diskio.o
    0x080108f4   0x000000a2   Code   RO         7778    i.disk_write        diskio.o
    0x08010996   0x0000004a   Code   RO         8304    i.exf_getfree       exfuns.o
    0x080109e0   0x00000084   Code   RO         8305    i.exfuns_init       exfuns.o
    0x08010a64   0x00000022   Code   RO         7859    i.f_close           ff.o
    0x08010a86   0x00000018   Code   RO         7860    i.f_closedir        ff.o
    0x08010a9e   0x00000160   Code   RO         7861    i.f_getfree         ff.o
    0x08010bfe   0x00000138   Code   RO         7862    i.f_getlabel        ff.o
    0x08010d36   0x00000050   Code   RO         7863    i.f_gets            ff.o
    0x08010d86   0x0000046e   Code   RO         7864    i.f_lseek           ff.o
    0x080111f4   0x000001a2   Code   RO         7865    i.f_mkdir           ff.o
    0x08011396   0x00000002   PAD
    0x08011398   0x00000e14   Code   RO         7866    i.f_mkfs            ff.o
    0x080121ac   0x00000054   Code   RO         7867    i.f_mount           ff.o
    0x08012200   0x00000304   Code   RO         7868    i.f_open            ff.o
    0x08012504   0x000000b8   Code   RO         7869    i.f_opendir         ff.o
    0x080125bc   0x00000022   Code   RO         7871    i.f_putc            ff.o
    0x080125de   0x0000002c   Code   RO         7872    i.f_puts            ff.o
    0x0801260a   0x00000228   Code   RO         7873    i.f_read            ff.o
    0x08012832   0x00000070   Code   RO         7874    i.f_readdir         ff.o
    0x080128a2   0x00000204   Code   RO         7875    i.f_rename          ff.o
    0x08012aa6   0x00000002   PAD
    0x08012aa8   0x000001d8   Code   RO         7876    i.f_setlabel        ff.o
    0x08012c80   0x000001a8   Code   RO         7878    i.f_sync            ff.o
    0x08012e28   0x000000fc   Code   RO         7880    i.f_unlink          ff.o
    0x08012f24   0x00000284   Code   RO         7881    i.f_write           ff.o
    0x080131a8   0x0000000e   Code   RO         7779    i.ff_memalloc       diskio.o
    0x080131b6   0x0000000e   Code   RO         7780    i.ff_memfree        diskio.o
    0x080131c4   0x00000068   Code   RO         8531    i.ff_oem2uni        ffunicode.o
    0x0801322c   0x00000074   Code   RO         8532    i.ff_uni2oem        ffunicode.o
    0x080132a0   0x000000b0   Code   RO         8533    i.ff_wtoupper       ffunicode.o
    0x08013350   0x00000036   Code   RO         7882    i.fill_first_frag   ff.o
    0x08013386   0x00000044   Code   RO         7883    i.fill_last_frag    ff.o
    0x080133ca   0x000000a4   Code   RO         7884    i.find_bitmap       ff.o
    0x0801346e   0x00000002   PAD
    0x08013470   0x000004cc   Code   RO         7885    i.find_volume       ff.o
    0x0801393c   0x000000c4   Code   RO         7886    i.follow_path       ff.o
    0x08013a00   0x00000044   Code   RO         6429    i.font_init         fontupd.o
    0x08013a44   0x0000001c   Code   RO         4984    i.fputc             usart.o
    0x08013a60   0x000000cc   Code   RO         7887    i.gen_numname       ff.o
    0x08013b2c   0x00000190   Code   RO         7888    i.get_fat           ff.o
    0x08013cbc   0x00000054   Code   RO         7781    i.get_fattime       diskio.o
    0x08013d10   0x0000018e   Code   RO         7889    i.get_fileinfo      ff.o
    0x08013e9e   0x0000004e   Code   RO         7890    i.get_ldnumber      ff.o
    0x08013eec   0x000000d8   Code   RO         7891    i.get_xfileinfo     ff.o
    0x08013fc4   0x00000032   Code   RO         7892    i.init_alloc_info   ff.o
    0x08013ff6   0x00000026   Code   RO         7893    i.ld_clust          ff.o
    0x0801401c   0x00000018   Code   RO         7894    i.ld_dword          ff.o
    0x08014034   0x00000062   Code   RO         7895    i.ld_qword          ff.o
    0x08014096   0x0000000c   Code   RO         7896    i.ld_word           ff.o
    0x080140a2   0x00000040   Code   RO         7897    i.load_obj_xdir     ff.o
    0x080140e2   0x0000010e   Code   RO         7898    i.load_xdir         ff.o
    0x080141f0   0x00000290   Code   RO            5    i.main              main.o
    0x08014480   0x00000024   Code   RO         7899    i.mem_cmp           ff.o
    0x080144a4   0x0000001a   Code   RO         7900    i.mem_cpy           ff.o
    0x080144be   0x00000012   Code   RO         7901    i.mem_set           ff.o
    0x080144d0   0x00000014   Code   RO         8381    i.mf_close          fattester.o
    0x080144e4   0x00000010   Code   RO         8382    i.mf_closedir       fattester.o
    0x080144f4   0x0000001a   Code   RO         8383    i.mf_fmkfs          fattester.o
    0x0801450e   0x00000002   PAD
    0x08014510   0x00000084   Code   RO         8384    i.mf_getlabel       fattester.o
    0x08014594   0x0000004c   Code   RO         8385    i.mf_gets           fattester.o
    0x080145e0   0x00000018   Code   RO         8386    i.mf_lseek          fattester.o
    0x080145f8   0x0000000c   Code   RO         8387    i.mf_mkdir          fattester.o
    0x08014604   0x00000018   Code   RO         8388    i.mf_mount          fattester.o
    0x0801461c   0x0000001c   Code   RO         8389    i.mf_open           fattester.o
    0x08014638   0x00000014   Code   RO         8390    i.mf_opendir        fattester.o
    0x0801464c   0x00000018   Code   RO         8391    i.mf_putc           fattester.o
    0x08014664   0x00000018   Code   RO         8392    i.mf_puts           fattester.o
    0x0801467c   0x00000150   Code   RO         8393    i.mf_read           fattester.o
    0x080147cc   0x000001c4   Code   RO         8394    i.mf_readdir        fattester.o
    0x08014990   0x00000010   Code   RO         8395    i.mf_rename         fattester.o
    0x080149a0   0x00000060   Code   RO         8396    i.mf_scan_files     fattester.o
    0x08014a00   0x0000005c   Code   RO         8397    i.mf_setlabel       fattester.o
    0x08014a5c   0x000000a8   Code   RO         8398    i.mf_showfree       fattester.o
    0x08014b04   0x0000000c   Code   RO         8399    i.mf_size           fattester.o
    0x08014b10   0x0000000c   Code   RO         8400    i.mf_tell           fattester.o
    0x08014b1c   0x0000000c   Code   RO         8401    i.mf_unlink         fattester.o
    0x08014b28   0x000000b8   Code   RO         8402    i.mf_write          fattester.o
    0x08014be0   0x00000034   Code   RO         7902    i.move_window       ff.o
    0x08014c14   0x0000006c   Code   RO         6303    i.my_mem_free       malloc.o
    0x08014c80   0x0000002c   Code   RO         6304    i.my_mem_init       malloc.o
    0x08014cac   0x000000a8   Code   RO         6305    i.my_mem_malloc     malloc.o
    0x08014d54   0x00000040   Code   RO         6306    i.my_mem_perused    malloc.o
    0x08014d94   0x00000024   Code   RO         6307    i.myfree            malloc.o
    0x08014db8   0x00000028   Code   RO         6308    i.mymalloc          malloc.o
    0x08014de0   0x00000014   Code   RO         6310    i.mymemset          malloc.o
    0x08014df4   0x00000088   Code   RO         7903    i.pick_lfn          ff.o
    0x08014e7c   0x00000144   Code   RO         7904    i.put_fat           ff.o
    0x08014fc0   0x00000080   Code   RO         7905    i.put_lfn           ff.o
    0x08015040   0x00000042   Code   RO         7906    i.put_utf           ff.o
    0x08015082   0x00000044   Code   RO         7907    i.putc_bfd          ff.o
    0x080150c6   0x0000002c   Code   RO         7908    i.putc_flush        ff.o
    0x080150f2   0x00000014   Code   RO         7909    i.putc_init         ff.o
    0x08015106   0x00000006   Code   RO         6482    i.read_addr         usmart.o
    0x0801510c   0x0000014a   Code   RO         7910    i.remove_chain      ff.o
    0x08015256   0x00000024   Code   RO         7911    i.st_clust          ff.o
    0x0801527a   0x00000018   Code   RO         7912    i.st_dword          ff.o
    0x08015292   0x0000005c   Code   RO         7913    i.st_qword          ff.o
    0x080152ee   0x0000000c   Code   RO         7914    i.st_word           ff.o
    0x080152fa   0x00000072   Code   RO         7915    i.store_xdir        ff.o
    0x0801536c   0x00000020   Code   RO         7916    i.sum_sfn           ff.o
    0x0801538c   0x00000090   Code   RO         7917    i.sync_fs           ff.o
    0x0801541c   0x0000004a   Code   RO         7918    i.sync_window       ff.o
    0x08015466   0x0000004c   Code   RO         7919    i.tchar2uni         ff.o
    0x080154b2   0x00000002   PAD
    0x080154b4   0x0000002c   Code   RO         4985    i.uart_init         usart.o
    0x080154e0   0x000000b0   Code   RO         6483    i.usmart_cmd_rec    usmart.o
    0x08015590   0x000002d4   Code   RO         6484    i.usmart_exe        usmart.o
    0x08015864   0x000000c8   Code   RO         6594    i.usmart_get_aparm  usmart_str.o
    0x0801592c   0x00000036   Code   RO         6595    i.usmart_get_cmdname  usmart_str.o
    0x08015962   0x00000002   PAD
    0x08015964   0x000001c0   Code   RO         6596    i.usmart_get_fname  usmart_str.o
    0x08015b24   0x0000010c   Code   RO         6597    i.usmart_get_fparam  usmart_str.o
    0x08015c30   0x00000020   Code   RO         6598    i.usmart_get_parmpos  usmart_str.o
    0x08015c50   0x00000044   Code   RO         6485    i.usmart_get_runtime  usmart.o
    0x08015c94   0x00000028   Code   RO         6486    i.usmart_init       usmart.o
    0x08015cbc   0x00000016   Code   RO         6599    i.usmart_pow        usmart_str.o
    0x08015cd2   0x00000002   PAD
    0x08015cd4   0x00000034   Code   RO         6487    i.usmart_reset_runtime  usmart.o
    0x08015d08   0x000000bc   Code   RO         6488    i.usmart_scan       usmart.o
    0x08015dc4   0x00000016   Code   RO         6600    i.usmart_search_nextc  usmart_str.o
    0x08015dda   0x000000ca   Code   RO         6601    i.usmart_str2num    usmart_str.o
    0x08015ea4   0x00000022   Code   RO         6602    i.usmart_strcmp     usmart_str.o
    0x08015ec6   0x00000016   Code   RO         6603    i.usmart_strcopy    usmart_str.o
    0x08015edc   0x00000018   Code   RO         6604    i.usmart_strlen     usmart_str.o
    0x08015ef4   0x000006f4   Code   RO         6489    i.usmart_sys_cmd_exe  usmart.o
    0x080165e8   0x0000003c   Code   RO         7920    i.validate          ff.o
    0x08016624   0x00000004   Code   RO         6490    i.write_addr        usmart.o
    0x08016628   0x0000003a   Code   RO         7921    i.xdir_sum          ff.o
    0x08016662   0x0000004c   Code   RO         7922    i.xname_sum         ff.o
    0x080166ae   0x0000001a   Code   RO         7923    i.xsum32            ff.o
    0x080166c8   0x00000150   Code   RO         8649    x$fpl$dadd          fz_wm.l(daddsub_clz.o)
    0x08016818   0x000002b0   Code   RO         8656    x$fpl$ddiv          fz_wm.l(ddiv.o)
    0x08016ac8   0x0000005e   Code   RO         8659    x$fpl$dfix          fz_wm.l(dfix.o)
    0x08016b26   0x00000002   PAD
    0x08016b28   0x0000005a   Code   RO         8663    x$fpl$dfixu         fz_wm.l(dfixu.o)
    0x08016b82   0x00000026   Code   RO         8667    x$fpl$dfltu         fz_wm.l(dflt_clz.o)
    0x08016ba8   0x00000154   Code   RO         8673    x$fpl$dmul          fz_wm.l(dmul.o)
    0x08016cfc   0x0000009c   Code   RO         8696    x$fpl$dnaninf       fz_wm.l(dnaninf.o)
    0x08016d98   0x0000000c   Code   RO         8698    x$fpl$dretinf       fz_wm.l(dretinf.o)
    0x08016da4   0x000001d4   Code   RO         8651    x$fpl$dsub          fz_wm.l(daddsub_clz.o)
    0x08016f78   0x0000000a   Code   RO         8807    x$fpl$fpinit        fz_wm.l(fpinit.o)
    0x08016f82   0x00000000   Code   RO         8700    x$fpl$usenofp       fz_wm.l(usenofp.o)
    0x08016f82   0x00000010   Data   RO         1148    .constdata          stm32f4xx_hal_rcc.o
    0x08016f92   0x00004740   Data   RO         5128    .constdata          lcd.o
    0x0801b6d2   0x00000002   PAD
    0x0801b6d4   0x00000024   Data   RO         6317    .constdata          malloc.o
    0x0801b6f8   0x00000046   Data   RO         7925    .constdata          ff.o
    0x0801b73e   0x0002abb6   Data   RO         8534    .constdata          ffunicode.o
    0x080462f4   0x00000028   Data   RO         8585    .constdata          c_w.l(_printf_hex_int.o)
    0x0804631c   0x00000011   Data   RO         8620    .constdata          c_w.l(__printf_flags_ss_wp.o)
    0x0804632d   0x00000003   PAD
    0x08046330   0x00000028   Data   RO         6492    .conststring        usmart.o
    0x08046358   0x00000415   Data   RO         6569    .conststring        usmart_config.o
    0x0804676d   0x00000003   PAD
    0x08046770   0x00000020   Data   RO         8861    Region$$Table       anon$$obj.o


    Execution Region RW_IRAM1 (Base: 0x20000000, Size: 0x0002db20, Max: 0x00030000, ABSOLUTE, COMPRESSED[0x000001b8])

    Base Addr    Size         Type   Attr      Idx    E Section Name        Object

    0x20000000   0x00000005   Data   RW            7    .data               main.o
    0x20000005   0x00000003   PAD
    0x20000008   0x00000014   Data   RW          455    .data               system_stm32f4xx.o
    0x2000001c   0x00000004   Data   RW          613    .data               stm32f4xx_hal.o
    0x20000020   0x00000004   Data   RW         4918    .data               delay.o
    0x20000024   0x00000007   Data   RW         4987    .data               usart.o
    0x2000002b   0x00000001   Data   RW         5066    .data               key.o
    0x2000002c   0x00000008   Data   RW         5129    .data               lcd.o
    0x20000034   0x00000008   Data   RW         5393    .data               ltdc.o
    0x2000003c   0x00000002   Data   RW         5610    .data               w25qxx.o
    0x2000003e   0x00000002   PAD
    0x20000040   0x00000004   Data   RW         5727    .data               ftl.o
    0x20000044   0x00000024   Data   RW         6318    .data               malloc.o
    0x20000068   0x0000001c   Data   RW         6493    .data               usmart.o
    0x20000084   0x00000214   Data   RW         6570    .data               usmart_config.o
    0x20000298   0x0000001e   Data   RW         7043    .data               usbh_core.o
    0x200002b6   0x00000003   Data   RW         7284    .data               usbh_stdreq.o
    0x200002b9   0x00000003   PAD
    0x200002bc   0x00000015   Data   RW         7389    .data               usbh_msc_bot.o
    0x200002d1   0x00000003   PAD
    0x200002d4   0x0000001d   Data   RW         7440    .data               usbh_msc_core.o
    0x200002f1   0x00000001   Data   RW         7496    .data               usbh_msc_scsi.o
    0x200002f2   0x00000002   PAD
    0x200002f4   0x0000004c   Data   RW         7635    .data               usbh_usr.o
    0x20000340   0x00000002   Data   RW         7926    .data               ff.o
    0x20000342   0x00000002   PAD
    0x20000344   0x00000014   Data   RW         8310    .data               exfuns.o
    0x20000358   0x000008a0   Zero   RW            6    .bss                main.o
    0x20000bf8   0x00000108   Zero   RW         4986    .bss                usart.o
    0x20000d00   0x0000005e   Zero   RW         5127    .bss                lcd.o
    0x20000d5e   0x00000002   PAD
    0x20000d60   0x00000034   Zero   RW         5322    .bss                sdram.o
    0x20000d94   0x00000108   Zero   RW         5392    .bss                ltdc.o
    0x20000e9c   0x00000004   PAD
    0x20000ea0   0x00000368   Zero   RW         5497    .bss                sdio_sdcard.o
    0x20001208   0x00000058   Zero   RW         5550    .bss                spi.o
    0x20001260   0x00001000   Zero   RW         5609    .bss                w25qxx.o
    0x20002260   0x00000094   Zero   RW         5844    .bss                nand.o
    0x200022f4   0x00000044   Zero   RW         6154    .bss                adc.o
    0x20002338   0x00000020   Zero   RW         6229    .bss                rtc.o
    0x20002358   0x00000008   PAD
    0x20002360   0x0002a800   Zero   RW         6316    .bss                malloc.o
    0x2002cb60   0x00000029   Zero   RW         6433    .bss                fontupd.o
    0x2002cb89   0x00000003   PAD
    0x2002cb8c   0x0000003c   Zero   RW         6491    .bss                usmart.o
    0x2002cbc8   0x00000200   Zero   RW         7283    .bss                usbh_stdreq.o
    0x2002cdc8   0x00000040   Zero   RW         7388    .bss                usbh_msc_bot.o
    0x2002ce08   0x0000004a   Zero   RW         7439    .bss                usbh_msc_core.o
    0x2002ce52   0x00000002   PAD
    0x2002ce54   0x00000410   Zero   RW         7495    .bss                usbh_msc_scsi.o
    0x2002d264   0x00000010   Zero   RW         7924    .bss                ff.o
    0x2002d274   0x00000004   PAD
    0x2002d278   0x00000180   Zero   RW         8307    .bss                exfuns.o
    0x2002d3f8   0x000000c8   Zero   RW         8403    .bss                fattester.o
    0x2002d4c0   0x00000060   Zero   RW         8739    .bss                c_w.l(libspace.o)
    0x2002d520   0x00000200   Zero   RW          581    HEAP                startup_stm32f429xx.o
    0x2002d720   0x00000400   Zero   RW          580    STACK               startup_stm32f429xx.o



  Load Region LR$$.ARM.__AT_0x10000000 (Base: 0x10000000, Size: 0x00000000, Max: 0x0000f000, ABSOLUTE)

    Execution Region ER$$.ARM.__AT_0x10000000 (Base: 0x10000000, Size: 0x0000f000, Max: 0x0000f000, ABSOLUTE, UNINIT)

    Base Addr    Size         Type   Attr      Idx    E Section Name        Object

    0x10000000   0x0000f000   Zero   RW         6312    .ARM.__AT_0x10000000  malloc.o



  Load Region LR$$.ARM.__AT_0x1000F000 (Base: 0x1000f000, Size: 0x00000000, Max: 0x00000f00, ABSOLUTE)

    Execution Region ER$$.ARM.__AT_0x1000F000 (Base: 0x1000f000, Size: 0x00000f00, Max: 0x00000f00, ABSOLUTE, UNINIT)

    Base Addr    Size         Type   Attr      Idx    E Section Name        Object

    0x1000f000   0x00000f00   Zero   RW         6313    .ARM.__AT_0x1000F000  malloc.o



  Load Region LR$$.ARM.__AT_0xC0000000 (Base: 0xc0000000, Size: 0x00000000, Max: 0x001f4000, ABSOLUTE)

    Execution Region ER$$.ARM.__AT_0xC0000000 (Base: 0xc0000000, Size: 0x001f4000, Max: 0x001f4000, ABSOLUTE, UNINIT)

    Base Addr    Size         Type   Attr      Idx    E Section Name        Object

    0xc0000000   0x001f4000   Zero   RW         5391    .ARM.__AT_0xC0000000  ltdc.o



  Load Region LR$$.ARM.__AT_0xC01F4000 (Base: 0xc01f4000, Size: 0x00000000, Max: 0x01c3c000, ABSOLUTE)

    Execution Region ER$$.ARM.__AT_0xC01F4000 (Base: 0xc01f4000, Size: 0x01c3c000, Max: 0x01c3c000, ABSOLUTE, UNINIT)

    Base Addr    Size         Type   Attr      Idx    E Section Name        Object

    0xc01f4000   0x01c3c000   Zero   RW         6314    .ARM.__AT_0xC01F4000  malloc.o



  Load Region LR$$.ARM.__AT_0xC1E30000 (Base: 0xc1e30000, Size: 0x00000000, Max: 0x001c3c00, ABSOLUTE)

    Execution Region ER$$.ARM.__AT_0xC1E30000 (Base: 0xc1e30000, Size: 0x001c3c00, Max: 0x001c3c00, ABSOLUTE, UNINIT)

    Base Addr    Size         Type   Attr      Idx    E Section Name        Object

    0xc1e30000   0x001c3c00   Zero   RW         6315    .ARM.__AT_0xC1E30000  malloc.o


==============================================================================

Image component sizes


      Code (inc. data)   RO Data    RW Data    ZI Data      Debug   Object Name

       264         30          0          0         68       2719   adc.o
       116          8          0          4          0       1823   delay.o
       870         16          0          0          0       6747   diskio.o
       206         18          0         20        384       2324   exfuns.o
      1806        838          0          0        200      13074   fattester.o
     19658        226         70          2         16      83762   ff.o
       396         28     175030          0          0       2828   ffunicode.o
        68          4          0          0         41       1899   fontupd.o
      2356        286          0          4          0      10937   ftl.o
       388         34          0          1          0       1614   key.o
     12068        210      18240          8         94      19958   lcd.o
        92         10          0          0          0        795   led.o
      1862        122          0          8    2048264       9378   ltdc.o
      1868        434          0          5       2208     528081   main.o
       480         54         36         36   31695616       6134   malloc.o
        96         18          0          0          0        825   motor.o
       712        114          0          0          0       4602   myiic.o
      3420        354          0          0        148      17768   nand.o
       220         10          0          0          0       2659   pcf8574.o
       372         56          0          0         32       5141   rtc.o
       556         42          0          0        872       3731   sdio_sdcard.o
       568         44          0          0         52       3370   sdram.o
       308         28          0          0         88       2618   spi.o
        64         26        428          0       1536        800   startup_stm32f429xx.o
        90         10          0          4          0       3415   stm32f4xx_hal.o
      1206         60          0          0          0       4630   stm32f4xx_hal_adc.o
       298         14          0          0          0      30418   stm32f4xx_hal_cortex.o
       568         54          0          0          0       2971   stm32f4xx_hal_gpio.o
      1144          6          0          0          0       4493   stm32f4xx_hal_ltdc.o
       102          0          0          0          0       1156   stm32f4xx_hal_nand.o
        24          4          0          0          0        515   stm32f4xx_hal_pwr.o
       164         12          0          0          0       1216   stm32f4xx_hal_pwr_ex.o
      2044         66         16          0          0       5763   stm32f4xx_hal_rcc.o
       872         24          0          0          0       1500   stm32f4xx_hal_rcc_ex.o
      1212         28          0          0          0       7660   stm32f4xx_hal_rtc.o
       102          4          0          0          0       2881   stm32f4xx_hal_rtc_ex.o
      4864         16          0          0          0      20652   stm32f4xx_hal_sd.o
       162          0          0          0          0       2612   stm32f4xx_hal_sdram.o
      1262          0          0          0          0       3497   stm32f4xx_hal_spi.o
        88          0          0          0          0       1144   stm32f4xx_hal_sram.o
       312         44          0          0          0       2912   stm32f4xx_hal_tim.o
      1814         10          0          0          0       8382   stm32f4xx_hal_uart.o
        28          0          0          0          0       2943   stm32f4xx_it.o
       842         18          0          0          0       7821   stm32f4xx_ll_fmc.o
       208          4          0          0          0       5965   stm32f4xx_ll_sdmmc.o
       200          8          0          0          0       1631   sys.o
       100         18          0         20          0        945   system_stm32f4xx.o
       638         14          0          0          0       3323   text.o
       416         42          0          7        264       4631   usart.o
       190          8          0          0          0       3648   usb_bsp.o
      3036         18          0          0          0      18615   usb_core.o
       210          0          0          0          0       5683   usb_hcd.o
      3694         16          0          0          0      10343   usb_hcd_int.o
      1760         48          0         30          0      10313   usbh_core.o
       390          0          0          0          0       4560   usbh_hcs.o
       560          0          0          0          0       5574   usbh_ioreq.o
      1324        106          0         21         64       6857   usbh_msc_bot.o
      1232        370          0         29         74       5989   usbh_msc_core.o
      1312         88          0          1       1040       7236   usbh_msc_scsi.o
       982         12          0          3        512      10613   usbh_stdreq.o
      1096        566          0         76          0      14863   usbh_usr.o
      3202       1354         40         28         60       7471   usmart.o
         0          0       1045        532          0       1516   usmart_config.o
      1328         20          0          0          0       8433   usmart_str.o
       950         84          0          2       4096       7557   w25qxx.o

    ----------------------------------------------------------------------
     88926       6156     194942        856   33755752     995934   Object Totals
         0          0         32          0          0          0   (incl. Generated)
        86          0          5         15         23          0   (incl. Padding)

    ----------------------------------------------------------------------

      Code (inc. data)   RO Data    RW Data    ZI Data      Debug   Library Member Name

        90          0          0          0          0          0   __dczerorl2.o
         8          0          0          0          0         68   __main.o
       392          4         17          0          0         92   __printf_flags_ss_wp.o
        14          0          0          0          0         68   __printf_wp.o
         0          0          0          0          0          0   __rtentry.o
        12          0          0          0          0          0   __rtentry2.o
         6          0          0          0          0          0   __rtentry4.o
        52          8          0          0          0          0   __scatter.o
        28          0          0          0          0          0   __scatter_zi.o
         6          0          0          0          0          0   _printf_c.o
        44          0          0          0          0        108   _printf_char.o
        48          6          0          0          0         96   _printf_char_common.o
        36          4          0          0          0         80   _printf_char_file.o
         6          0          0          0          0          0   _printf_d.o
       120         16          0          0          0         92   _printf_dec.o
        88          4         40          0          0         88   _printf_hex_int.o
       178          0          0          0          0         88   _printf_intcommon.o
        10          0          0          0          0          0   _printf_ll.o
         6          0          0          0          0          0   _printf_lld.o
       124         16          0          0          0         92   _printf_longlong_dec.o
        78          0          0          0          0        108   _printf_pad.o
         0          0          0          0          0          0   _printf_percent.o
         4          0          0          0          0          0   _printf_percent_end.o
         6          0          0          0          0          0   _printf_s.o
        82          0          0          0          0         80   _printf_str.o
         6          0          0          0          0          0   _printf_u.o
         6          0          0          0          0          0   _printf_x.o
        10          0          0          0          0         68   _sputc.o
        18          0          0          0          0         80   exit.o
         8          0          0          0          0         68   ferror.o
         6          0          0          0          0        152   heapauxi.o
         2          0          0          0          0          0   libinit.o
         6          0          0          0          0          0   libinit2.o
         2          0          0          0          0          0   libshutdown.o
         2          0          0          0          0          0   libshutdown2.o
         8          4          0          0         96         68   libspace.o
       138          0          0          0          0         80   lludiv10.o
       238          0          0          0          0        100   lludivv7m.o
        24          4          0          0          0         84   noretval__2printf.o
        40          6          0          0          0         84   noretval__2sprintf.o
        68          0          0          0          0         68   rt_memclr.o
        78          0          0          0          0         80   rt_memclr_w.o
       138          0          0          0          0         68   rt_memcpy_v6.o
       100          0          0          0          0         80   rt_memcpy_w.o
         2          0          0          0          0          0   rtexit.o
        10          0          0          0          0          0   rtexit2.o
        62          0          0          0          0         76   strlen.o
        74          0          0          0          0         80   sys_stackheap_outer.o
         2          0          0          0          0         68   use_no_semi.o
         2          0          0          0          0         68   use_no_semi_2.o
       804         16          0          0          0        368   daddsub_clz.o
       688        140          0          0          0        256   ddiv.o
        94          4          0          0          0        140   dfix.o
        90          4          0          0          0        140   dfixu.o
        38          0          0          0          0        116   dflt_clz.o
       340         12          0          0          0        152   dmul.o
       156          4          0          0          0        140   dnaninf.o
        12          0          0          0          0        116   dretinf.o
        10          0          0          0          0        116   fpinit.o
         0          0          0          0          0          0   usenofp.o

    ----------------------------------------------------------------------
      4728        252         60          0         96       3976   Library Totals
         8          0          3          0          0          0   (incl. Padding)

    ----------------------------------------------------------------------

      Code (inc. data)   RO Data    RW Data    ZI Data      Debug   Library Name

      2488         72         57          0         96       2432   c_w.l
      2232        180          0          0          0       1544   fz_wm.l

    ----------------------------------------------------------------------
      4728        252         60          0         96       3976   Library Totals

    ----------------------------------------------------------------------

==============================================================================


      Code (inc. data)   RO Data    RW Data    ZI Data      Debug   

     93654       6408     195002        856   33755848     946710   Grand Totals
     93654       6408     195002        440   33755848     946710   ELF Image Totals (compressed)
     93654       6408     195002        440          0          0   ROM Totals

==============================================================================

    Total RO  Size (Code + RO Data)               288656 ( 281.89kB)
    Total RW  Size (RW Data + ZI Data)          33756704 (32965.53kB)
    Total ROM Size (Code + RO Data + RW Data)     289096 ( 282.32kB)

==============================================================================

